Component: ARM Compiler 5.06 update 6 (build 750) Tool: armlink [4d35ed]

==============================================================================

Section Cross References

    bitmaplib.o(i.bitmap_get_first_set) refers to bitmaplib.o(i.bitmap_size) for bitmap_size
    bitmaplib.o(i.bitmap_get_first_set) refers to bitmaplib.o(.constdata) for bitmap_table
    main.o(i.check_cpu_usage_detect) refers to main.o(i.task_schedule_enable) for task_schedule_enable
    main.o(i.check_cpu_usage_detect) refers to fflt_clz.o(x$fpl$ffltu) for __aeabi_ui2f
    main.o(i.check_cpu_usage_detect) refers to fmul.o(x$fpl$fmul) for __aeabi_fmul
    main.o(i.check_cpu_usage_detect) refers to fdiv.o(x$fpl$fdiv) for __aeabi_fdiv
    main.o(i.check_cpu_usage_detect) refers to faddsub_clz.o(x$fpl$frsb) for __aeabi_frsub
    main.o(i.check_cpu_usage_detect) refers to main.o(.data) for cpu_sync_flag
    main.o(i.cpu_tick_sync) refers to main.o(.data) for cpu_sync_flag
    main.o(i.cpu_usage_state_init) refers to main.o(.data) for idle_count
    main.o(i.delay_list_insert_time_node) refers to rzyos_list.o(i.list_add_first) for list_add_first
    main.o(i.delay_list_insert_time_node) refers to main.o(.bss) for task_delay_list
    main.o(i.delay_list_remove_time_node) refers to rzyos_list.o(i.list_remove_pos_node) for list_remove_pos_node
    main.o(i.delay_list_remove_time_node) refers to main.o(.bss) for task_delay_list
    main.o(i.idle_task_entry) refers to main.o(i.task_schedule_disable) for task_schedule_disable
    main.o(i.idle_task_entry) refers to rzyos_app.o(i.rzyOS_app_init) for rzyOS_app_init
    main.o(i.idle_task_entry) refers to rzyos_wqueue.o(i.rzyOS_wqueue_task_init) for rzyOS_wqueue_task_init
    main.o(i.idle_task_entry) refers to rzyos_cpu.o(i.set_systick_period) for set_systick_period
    main.o(i.idle_task_entry) refers to main.o(i.cpu_tick_sync) for cpu_tick_sync
    main.o(i.idle_task_entry) refers to switch.o(i.task_enter_critical) for task_enter_critical
    main.o(i.idle_task_entry) refers to switch.o(i.task_exit_critical) for task_exit_critical
    main.o(i.idle_task_entry) refers to main.o(.data) for idle_count
    main.o(i.main) refers to main.o(i.task_schedule_init) for task_schedule_init
    main.o(i.main) refers to main.o(i.task_delay_list_init) for task_delay_list_init
    main.o(i.main) refers to rzyos_wqueue.o(i.rzyOS_wqueue_module_init) for rzyOS_wqueue_module_init
    main.o(i.main) refers to main.o(i.rzyOS_tick_count_init) for rzyOS_tick_count_init
    main.o(i.main) refers to main.o(i.cpu_usage_state_init) for cpu_usage_state_init
    main.o(i.main) refers to rzyos_task.o(i.task_init) for task_init
    main.o(i.main) refers to main.o(i.task_highest_ready) for task_highest_ready
    main.o(i.main) refers to switch.o(i.task_run_first) for task_run_first
    main.o(i.main) refers to main.o(.bss) for idleTaskEnv
    main.o(i.main) refers to main.o(i.idle_task_entry) for idle_task_entry
    main.o(i.main) refers to main.o(.data) for idleTask
    main.o(i.rzyOS_get_cpu_usage) refers to switch.o(i.task_enter_critical) for task_enter_critical
    main.o(i.rzyOS_get_cpu_usage) refers to switch.o(i.task_exit_critical) for task_exit_critical
    main.o(i.rzyOS_get_cpu_usage) refers to main.o(.data) for cpu_usage
    main.o(i.rzyOS_task_delay_list_remove) refers to main.o(i.delay_list_remove_time_node) for delay_list_remove_time_node
    main.o(i.rzyOS_task_ready_list_remove) refers to rzyos_list.o(i.list_remove_pos_node) for list_remove_pos_node
    main.o(i.rzyOS_task_ready_list_remove) refers to rzyos_list.o(i.list_count) for list_count
    main.o(i.rzyOS_task_ready_list_remove) refers to bitmaplib.o(i.bitmap_clean) for bitmap_clean
    main.o(i.rzyOS_task_ready_list_remove) refers to main.o(.bss) for task_ready_table
    main.o(i.rzyOS_task_ready_list_remove) refers to main.o(.data) for bitmap_taskprio
    main.o(i.rzyOS_tick_count_init) refers to main.o(.data) for tick_count
    main.o(i.task_delay_list_init) refers to rzyos_list.o(i.list_init) for list_init
    main.o(i.task_delay_list_init) refers to main.o(.bss) for task_delay_list
    main.o(i.task_highest_ready) refers to bitmaplib.o(i.bitmap_get_first_set) for bitmap_get_first_set
    main.o(i.task_highest_ready) refers to rzyos_list.o(i.list_first_node) for list_first_node
    main.o(i.task_highest_ready) refers to main.o(.data) for bitmap_taskprio
    main.o(i.task_highest_ready) refers to main.o(.bss) for task_ready_table
    main.o(i.task_insert_ready_list) refers to rzyos_list.o(i.list_add_first) for list_add_first
    main.o(i.task_insert_ready_list) refers to bitmaplib.o(i.bitmap_set) for bitmap_set
    main.o(i.task_insert_ready_list) refers to main.o(.bss) for task_ready_table
    main.o(i.task_insert_ready_list) refers to main.o(.data) for bitmap_taskprio
    main.o(i.task_remove_ready_list) refers to rzyos_list.o(i.list_remove_pos_node) for list_remove_pos_node
[...]
    rzyos_semaphore.o(i.rzyOS_sem_wait) refers to rzyos_event.o(i.rzyOS_event_wait) for rzyOS_event_wait
    rzyos_semaphore.o(i.rzyOS_sem_wait) refers to main.o(i.task_schedule) for task_schedule
    rzyos_semaphore.o(i.rzyOS_sem_wait) refers to main.o(.data) for currentTask
    rzyos_task.o(i.rzyOS_task_delete_self) refers to switch.o(i.task_enter_critical) for task_enter_critical
    rzyos_task.o(i.rzyOS_task_delete_self) refers to main.o(i.rzyOS_task_ready_list_remove) for rzyOS_task_ready_list_remove
    rzyos_task.o(i.rzyOS_task_delete_self) refers to main.o(i.task_schedule) for task_schedule
    rzyos_task.o(i.rzyOS_task_delete_self) refers to switch.o(i.task_exit_critical) for task_exit_critical
    rzyos_task.o(i.rzyOS_task_delete_self) refers to main.o(.data) for currentTask
    rzyos_task.o(i.rzyOS_task_force_delete) refers to switch.o(i.task_enter_critical) for task_enter_critical
    rzyos_task.o(i.rzyOS_task_force_delete) refers to main.o(i.rzyOS_task_delay_list_remove) for rzyOS_task_delay_list_remove
    rzyos_task.o(i.rzyOS_task_force_delete) refers to main.o(i.rzyOS_task_ready_list_remove) for rzyOS_task_ready_list_remove
    rzyos_task.o(i.rzyOS_task_force_delete) refers to main.o(i.task_schedule) for task_schedule
    rzyos_task.o(i.rzyOS_task_force_delete) refers to switch.o(i.task_exit_critical) for task_exit_critical
    rzyos_task.o(i.rzyOS_task_force_delete) refers to main.o(.data) for currentTask
    rzyos_task.o(i.rzyOS_task_get_info) refers to switch.o(i.task_enter_critical) for task_enter_critical
    rzyos_task.o(i.rzyOS_task_get_info) refers to switch.o(i.task_exit_critical) for task_exit_critical
    rzyos_task.o(i.rzyOS_task_request_delete) refers to switch.o(i.task_enter_critical) for task_enter_critical
    rzyos_task.o(i.rzyOS_task_request_delete) refers to switch.o(i.task_exit_critical) for task_exit_critical
    rzyos_task.o(i.rzyOS_task_request_delete_check) refers to switch.o(i.task_enter_critical) for task_enter_critical
    rzyos_task.o(i.rzyOS_task_request_delete_check) refers to switch.o(i.task_exit_critical) for task_exit_critical
    rzyos_task.o(i.rzyOS_task_request_delete_check) refers to main.o(.data) for currentTask
    rzyos_task.o(i.rzyOS_task_suspend) refers to switch.o(i.task_enter_critical) for task_enter_critical
    rzyos_task.o(i.rzyOS_task_suspend) refers to main.o(i.task_remove_ready_list) for task_remove_ready_list
    rzyos_task.o(i.rzyOS_task_suspend) refers to main.o(i.task_schedule) for task_schedule
    rzyos_task.o(i.rzyOS_task_suspend) refers to switch.o(i.task_exit_critical) for task_exit_critical
    rzyos_task.o(i.rzyOS_task_suspend) refers to main.o(.data) for currentTask
    rzyos_task.o(i.rzyOS_task_wakeup) refers to switch.o(i.task_enter_critical) for task_enter_critical
    rzyos_task.o(i.rzyOS_task_wakeup) refers to main.o(i.task_insert_ready_list) for task_insert_ready_list
    rzyos_task.o(i.rzyOS_task_wakeup) refers to main.o(i.task_schedule) for task_schedule
    rzyos_task.o(i.rzyOS_task_wakeup) refers to switch.o(i.task_exit_critical) for task_exit_critical
    rzyos_task.o(i.task_init) refers to rt_memclr_w.o(.text) for __aeabi_memclr4
    rzyos_task.o(i.task_init) refers to rzyos_list.o(i.node_init) for node_init
    rzyos_task.o(i.task_init) refers to main.o(i.task_insert_ready_list) for task_insert_ready_list
    rzyos_time.o(i.task_delay) refers to switch.o(i.task_enter_critical) for task_enter_critical
    rzyos_time.o(i.task_delay) refers to main.o(i.delay_list_insert_time_node) for delay_list_insert_time_node
    rzyos_time.o(i.task_delay) refers to main.o(i.task_remove_ready_list) for task_remove_ready_list
    rzyos_time.o(i.task_delay) refers to switch.o(i.task_exit_critical) for task_exit_critical
    rzyos_time.o(i.task_delay) refers to main.o(i.task_schedule) for task_schedule
    rzyos_time.o(i.task_delay) refers to main.o(.data) for currentTask
    rzyos_wqueue.o(i.rzyOS_wqueue_call) refers to rzyos_list.o(i.list_remove_pos_node) for list_remove_pos_node
    rzyos_wqueue.o(i.rzyOS_wqueue_destroy) refers to rzyos_wqueue.o(i.rzyOS_wqueue_stop) for rzyOS_wqueue_stop
    rzyos_wqueue.o(i.rzyOS_wqueue_get_info) refers to switch.o(i.task_enter_critical) for task_enter_critical
    rzyos_wqueue.o(i.rzyOS_wqueue_get_info) refers to switch.o(i.task_exit_critical) for task_exit_critical
    rzyos_wqueue.o(i.rzyOS_wqueue_init) refers to rzyos_list.o(i.node_init) for node_init
    rzyos_wqueue.o(i.rzyOS_wqueue_module_init) refers to rzyos_list.o(i.list_init) for list_init
    rzyos_wqueue.o(i.rzyOS_wqueue_module_init) refers to rzyos_semaphore.o(i.rzyOS_sem_init) for rzyOS_sem_init
    rzyos_wqueue.o(i.rzyOS_wqueue_module_init) refers to rzyos_wqueue.o(.bss) for rzyOS_high_wqueue_list
    rzyos_wqueue.o(i.rzyOS_wqueue_start) refers to switch.o(i.task_enter_critical) for task_enter_critical
    rzyos_wqueue.o(i.rzyOS_wqueue_start) refers to rzyos_list.o(i.list_add_first) for list_add_first
    rzyos_wqueue.o(i.rzyOS_wqueue_start) refers to switch.o(i.task_exit_critical) for task_exit_critical
    rzyos_wqueue.o(i.rzyOS_wqueue_start) refers to rzyos_semaphore.o(i.rzyOS_sem_wait) for rzyOS_sem_wait
    rzyos_wqueue.o(i.rzyOS_wqueue_start) refers to rzyos_semaphore.o(i.rzyOS_sem_post) for rzyOS_sem_post
    rzyos_wqueue.o(i.rzyOS_wqueue_start) refers to rzyos_wqueue.o(.bss) for rzyOS_high_wqueue_list
    rzyos_wqueue.o(i.rzyOS_wqueue_stop) refers to switch.o(i.task_enter_critical) for task_enter_critical
    rzyos_wqueue.o(i.rzyOS_wqueue_stop) refers to rzyos_list.o(i.list_remove_pos_node) for list_remove_pos_node
    rzyos_wqueue.o(i.rzyOS_wqueue_stop) refers to switch.o(i.task_exit_critical) for task_exit_critical
    rzyos_wqueue.o(i.rzyOS_wqueue_stop) refers to rzyos_semaphore.o(i.rzyOS_sem_wait) for rzyOS_sem_wait
    rzyos_wqueue.o(i.rzyOS_wqueue_stop) refers to rzyos_semaphore.o(i.rzyOS_sem_post) for rzyOS_sem_post
    rzyos_wqueue.o(i.rzyOS_wqueue_stop) refers to rzyos_wqueue.o(.bss) for rzyOS_high_wqueue_list
    rzyos_wqueue.o(i.rzyOS_wqueue_task) refers to rzyos_semaphore.o(i.rzyOS_sem_wait) for rzyOS_sem_wait
    rzyos_wqueue.o(i.rzyOS_wqueue_task) refers to rzyos_wqueue.o(i.rzyOS_wqueue_call) for rzyOS_wqueue_call
    rzyos_wqueue.o(i.rzyOS_wqueue_task) refers to rzyos_semaphore.o(i.rzyOS_sem_post) for rzyOS_sem_post
    rzyos_wqueue.o(i.rzyOS_wqueue_task) refers to rzyos_wqueue.o(.bss) for rzyOS_wqueue_tick_sem
    rzyos_wqueue.o(i.rzyOS_wqueue_task_init) refers to rzyos_task.o(i.task_init) for task_init
    rzyos_wqueue.o(i.rzyOS_wqueue_task_init) refers to rzyos_wqueue.o(.bss) for rzyOS_wqueue_task_stack
    rzyos_wqueue.o(i.rzyOS_wqueue_task_init) refers to rzyos_wqueue.o(i.rzyOS_wqueue_task) for rzyOS_wqueue_task
    rzyos_wqueue.o(i.rzyOS_wqueue_tick_handle) refers to switch.o(i.task_enter_critical) for task_enter_critical
    rzyos_wqueue.o(i.rzyOS_wqueue_tick_handle) refers to rzyos_wqueue.o(i.rzyOS_wqueue_call) for rzyOS_wqueue_call
    rzyos_wqueue.o(i.rzyOS_wqueue_tick_handle) refers to switch.o(i.task_exit_critical) for task_exit_critical
    rzyos_wqueue.o(i.rzyOS_wqueue_tick_handle) refers to rzyos_semaphore.o(i.rzyOS_sem_post) for rzyOS_sem_post
    rzyos_wqueue.o(i.rzyOS_wqueue_tick_handle) refers to rzyos_wqueue.o(.bss) for rzyOS_high_wqueue_list
    switch.o(.emb_text) refers to main.o(.data) for currentTask
    startup_armcm3.o(STACK) refers (Special) to heapauxi.o(.text) for __use_two_region_memory
    startup_armcm3.o(HEAP) refers (Special) to heapauxi.o(.text) for __use_two_region_memory
    startup_armcm3.o(RESET) refers (Special) to heapauxi.o(.text) for __use_two_region_memory
    startup_armcm3.o(RESET) refers to startup_armcm3.o(STACK) for __initial_sp
    startup_armcm3.o(RESET) refers to startup_armcm3.o(.text) for Reset_Handler
    startup_armcm3.o(RESET) refers to switch.o(.emb_text) for PendSV_Handler
    startup_armcm3.o(RESET) refers to rzyos_cpu.o(i.SysTick_Handler) for SysTick_Handler
    startup_armcm3.o(.text) refers (Special) to heapauxi.o(.text) for __use_two_region_memory
    startup_armcm3.o(.text) refers to system_armcm3.o(i.SystemInit) for SystemInit
    startup_armcm3.o(.text) refers to __main.o(!!!main) for __main
    system_armcm3.o(i.SystemCoreClockUpdate) refers to system_armcm3.o(.data) for SystemCoreClock
    system_armcm3.o(i.SystemInit) refers to startup_armcm3.o(RESET) for __Vectors
    system_armcm3.o(i.SystemInit) refers to system_armcm3.o(.data) for SystemCoreClock
    __main.o(!!!main) refers to __rtentry.o(.ARM.Collect$$rtentry$$00000000) for __rt_entry
    faddsub_clz.o(x$fpl$fadd) refers (Special) to usenofp.o(x$fpl$usenofp) for __I$use$fp
    faddsub_clz.o(x$fpl$fadd) refers to faddsub_clz.o(x$fpl$fsub) for _fsub1
    faddsub_clz.o(x$fpl$fadd) refers to fretinf.o(x$fpl$fretinf) for __fpl_fretinf
    faddsub_clz.o(x$fpl$fadd) refers to fnaninf.o(x$fpl$fnaninf) for __fpl_fnaninf
    faddsub_clz.o(x$fpl$frsb) refers (Special) to usenofp.o(x$fpl$usenofp) for __I$use$fp
    faddsub_clz.o(x$fpl$frsb) refers to faddsub_clz.o(x$fpl$fadd) for _fadd1
    faddsub_clz.o(x$fpl$frsb) refers to faddsub_clz.o(x$fpl$fsub) for _fsub1
    faddsub_clz.o(x$fpl$fsub) refers (Special) to usenofp.o(x$fpl$usenofp) for __I$use$fp
    faddsub_clz.o(x$fpl$fsub) refers to faddsub_clz.o(x$fpl$fadd) for _fadd1
    faddsub_clz.o(x$fpl$fsub) refers to fnaninf.o(x$fpl$fnaninf) for __fpl_fnaninf
    fdiv.o(x$fpl$frdiv) refers (Special) to usenofp.o(x$fpl$usenofp) for __I$use$fp
    fdiv.o(x$fpl$frdiv) refers to fdiv.o(x$fpl$fdiv) for _fdiv1
    fdiv.o(x$fpl$fdiv) refers (Special) to usenofp.o(x$fpl$usenofp) for __I$use$fp
    fdiv.o(x$fpl$fdiv) refers to fretinf.o(x$fpl$fretinf) for __fpl_fretinf
    fdiv.o(x$fpl$fdiv) refers to fnaninf.o(x$fpl$fnaninf) for __fpl_fnaninf
    fflt_clz.o(x$fpl$ffltu) refers (Special) to usenofp.o(x$fpl$usenofp) for __I$use$fp
    fflt_clz.o(x$fpl$fflt) refers (Special) to usenofp.o(x$fpl$usenofp) for __I$use$fp
    fflt_clz.o(x$fpl$ffltn) refers (Special) to usenofp.o(x$fpl$usenofp) for __I$use$fp
    fmul.o(x$fpl$fmul) refers (Special) to usenofp.o(x$fpl$usenofp) for __I$use$fp
    fmul.o(x$fpl$fmul) refers to fretinf.o(x$fpl$fretinf) for __fpl_fretinf
    fmul.o(x$fpl$fmul) refers to fnaninf.o(x$fpl$fnaninf) for __fpl_fnaninf
    __rtentry.o(.ARM.Collect$$rtentry$$00000000) refers (Special) to __rtentry2.o(.ARM.Collect$$rtentry$$0000000A) for __rt_entry_li
    __rtentry.o(.ARM.Collect$$rtentry$$00000000) refers (Special) to __rtentry2.o(.ARM.Collect$$rtentry$$0000000D) for __rt_entry_main
    __rtentry.o(.ARM.Collect$$rtentry$$00000000) refers (Special) to __rtentry2.o(.ARM.Collect$$rtentry$$0000000C) for __rt_entry_postli_1
    __rtentry.o(.ARM.Collect$$rtentry$$00000000) refers (Special) to __rtentry2.o(.ARM.Collect$$rtentry$$00000009) for __rt_entry_postsh_1
    __rtentry.o(.ARM.Collect$$rtentry$$00000000) refers (Special) to __rtentry2.o(.ARM.Collect$$rtentry$$00000002) for __rt_entry_presh_1
    __rtentry.o(.ARM.Collect$$rtentry$$00000000) refers (Special) to __rtentry5.o(.ARM.Collect$$rtentry$$00000005) for __rt_entry_sh
    fnaninf.o(x$fpl$fnaninf) refers (Special) to usenofp.o(x$fpl$usenofp) for __I$use$fp
    fretinf.o(x$fpl$fretinf) refers (Special) to usenofp.o(x$fpl$usenofp) for __I$use$fp
    __rtentry2.o(.ARM.Collect$$rtentry$$00000008) refers to boardinit2.o(.text) for _platform_post_stackheap_init
    __rtentry2.o(.ARM.Collect$$rtentry$$0000000A) refers to libinit.o(.ARM.Collect$$libinit$$00000000) for __rt_lib_init
    __rtentry2.o(.ARM.Collect$$rtentry$$0000000B) refers to boardinit3.o(.text) for _platform_post_lib_init
    __rtentry2.o(.ARM.Collect$$rtentry$$0000000D) refers to main.o(i.main) for main
    __rtentry2.o(.ARM.Collect$$rtentry$$0000000D) refers to exit.o(.text) for exit
    __rtentry2.o(.ARM.exidx) refers to __rtentry2.o(.ARM.Collect$$rtentry$$00000001) for .ARM.Collect$$rtentry$$00000001
    __rtentry2.o(.ARM.exidx) refers to __rtentry2.o(.ARM.Collect$$rtentry$$00000008) for .ARM.Collect$$rtentry$$00000008
    __rtentry2.o(.ARM.exidx) refers to __rtentry2.o(.ARM.Collect$$rtentry$$0000000A) for .ARM.Collect$$rtentry$$0000000A
    __rtentry2.o(.ARM.exidx) refers to __rtentry2.o(.ARM.Collect$$rtentry$$0000000B) for .ARM.Collect$$rtentry$$0000000B
    __rtentry2.o(.ARM.exidx) refers to __rtentry2.o(.ARM.Collect$$rtentry$$0000000D) for .ARM.Collect$$rtentry$$0000000D
    __rtentry4.o(.ARM.Collect$$rtentry$$00000004) refers to sys_stackheap_outer.o(.text) for __user_setup_stackheap
    __rtentry4.o(.ARM.exidx) refers to __rtentry4.o(.ARM.Collect$$rtentry$$00000004) for .ARM.Collect$$rtentry$$00000004
    __rtentry5.o(.ARM.Collect$$rtentry$$00000005) refers to __rtentry5.o(.ARM.Collect$$rtentry$$00002716) for __lit__00000000
    __rtentry5.o(.ARM.Collect$$rtentry$$00002716) refers to startup_armcm3.o(STACK) for __initial_sp
    __rtentry5.o(__vectab_stack_and_reset_sym_area) refers to startup_armcm3.o(STACK) for __initial_sp
    __rtentry5.o(__vectab_stack_and_reset_sym_area) refers to __main.o(!!!main) for __main
    __rtentry5.o(.ARM.exidx) refers to __rtentry5.o(.ARM.Collect$$rtentry$$00000005) for .ARM.Collect$$rtentry$$00000005
    __rtentry5.o(.ARM.exidx) refers to __rtentry5.o(.ARM.Collect$$rtentry$$00002716) for .ARM.Collect$$rtentry$$00002716
    sys_stackheap_outer.o(.text) refers to libspace.o(.text) for __user_perproc_libspace
    sys_stackheap_outer.o(.text) refers to sys_stackheap.o(.text) for __user_initial_stackheap
    exit.o(.text) refers to rtexit.o(.ARM.Collect$$rtexit$$00000000) for __rt_exit
    libinit.o(.ARM.Collect$$libinit$$00000000) refers (Special) to libinit2.o(.ARM.Collect$$libinit$$0000002E) for __rt_lib_init_alloca_1
    libinit.o(.ARM.Collect$$libinit$$00000000) refers (Special) to libinit2.o(.ARM.Collect$$libinit$$0000002C) for __rt_lib_init_argv_1
    libinit.o(.ARM.Collect$$libinit$$00000000) refers (Special) to libinit2.o(.ARM.Collect$$libinit$$0000001B) for __rt_lib_init_atexit_1
    libinit.o(.ARM.Collect$$libinit$$00000000) refers (Special) to libinit2.o(.ARM.Collect$$libinit$$00000021) for __rt_lib_init_clock_1
    libinit.o(.ARM.Collect$$libinit$$00000000) refers (Special) to libinit2.o(.ARM.Collect$$libinit$$00000032) for __rt_lib_init_cpp_1
    libinit.o(.ARM.Collect$$libinit$$00000000) refers (Special) to libinit2.o(.ARM.Collect$$libinit$$00000030) for __rt_lib_init_exceptions_1
    libinit.o(.ARM.Collect$$libinit$$00000000) refers (Special) to libinit2.o(.ARM.Collect$$libinit$$00000002) for __rt_lib_init_fp_1
    libinit.o(.ARM.Collect$$libinit$$00000000) refers (Special) to libinit2.o(.ARM.Collect$$libinit$$0000001F) for __rt_lib_init_fp_trap_1
    libinit.o(.ARM.Collect$$libinit$$00000000) refers (Special) to libinit2.o(.ARM.Collect$$libinit$$00000023) for __rt_lib_init_getenv_1
    libinit.o(.ARM.Collect$$libinit$$00000000) refers (Special) to libinit2.o(.ARM.Collect$$libinit$$0000000A) for __rt_lib_init_heap_1
    libinit.o(.ARM.Collect$$libinit$$00000000) refers (Special) to libinit2.o(.ARM.Collect$$libinit$$00000011) for __rt_lib_init_lc_collate_1
    libinit.o(.ARM.Collect$$libinit$$00000000) refers (Special) to libinit2.o(.ARM.Collect$$libinit$$00000013) for __rt_lib_init_lc_ctype_1
    libinit.o(.ARM.Collect$$libinit$$00000000) refers (Special) to libinit2.o(.ARM.Collect$$libinit$$00000015) for __rt_lib_init_lc_monetary_1
    libinit.o(.ARM.Collect$$libinit$$00000000) refers (Special) to libinit2.o(.ARM.Collect$$libinit$$00000017) for __rt_lib_init_lc_numeric_1
    libinit.o(.ARM.Collect$$libinit$$00000000) refers (Special) to libinit2.o(.ARM.Collect$$libinit$$00000019) for __rt_lib_init_lc_time_1
    libinit.o(.ARM.Collect$$libinit$$00000000) refers (Special) to libinit2.o(.ARM.Collect$$libinit$$00000004) for __rt_lib_init_preinit_1
    libinit.o(.ARM.Collect$$libinit$$00000000) refers (Special) to libinit2.o(.ARM.Collect$$libinit$$0000000E) for __rt_lib_init_rand_1
    libinit.o(.ARM.Collect$$libinit$$00000000) refers (Special) to libinit2.o(.ARM.Collect$$libinit$$00000033) for __rt_lib_init_return
    libinit.o(.ARM.Collect$$libinit$$00000000) refers (Special) to libinit2.o(.ARM.Collect$$libinit$$0000001D) for __rt_lib_init_signal_1
    libinit.o(.ARM.Collect$$libinit$$00000000) refers (Special) to libinit2.o(.ARM.Collect$$libinit$$00000025) for __rt_lib_init_stdio_1
    libinit.o(.ARM.Collect$$libinit$$00000000) refers (Special) to libinit2.o(.ARM.Collect$$libinit$$0000000C) for __rt_lib_init_user_alloc_1
    libspace.o(.text) refers to libspace.o(.bss) for __libspace_start
    sys_stackheap.o(.text) refers (Special) to indicate_semi.o(.text) for __semihosting_library_function
    sys_stackheap.o(.text) refers to use_no_semi.o(.text) for __I$use$semihosting
    rtexit.o(.ARM.Collect$$rtexit$$00000000) refers (Special) to rtexit2.o(.ARM.Collect$$rtexit$$00000004) for __rt_exit_exit
    rtexit.o(.ARM.Collect$$rtexit$$00000000) refers (Special) to rtexit2.o(.ARM.Collect$$rtexit$$00000003) for __rt_exit_ls
    rtexit.o(.ARM.Collect$$rtexit$$00000000) refers (Special) to rtexit2.o(.ARM.Collect$$rtexit$$00000002) for __rt_exit_prels_1
    rtexit.o(.ARM.exidx) refers (Special) to rtexit2.o(.ARM.Collect$$rtexit$$00000004) for __rt_exit_exit
    rtexit.o(.ARM.exidx) refers (Special) to rtexit2.o(.ARM.Collect$$rtexit$$00000003) for __rt_exit_ls
    rtexit.o(.ARM.exidx) refers (Special) to rtexit2.o(.ARM.Collect$$rtexit$$00000002) for __rt_exit_prels_1
    rtexit.o(.ARM.exidx) refers to rtexit.o(.ARM.Collect$$rtexit$$00000000) for .ARM.Collect$$rtexit$$00000000
    libinit2.o(.ARM.Collect$$libinit$$00000010) refers to libinit2.o(.ARM.Collect$$libinit$$0000000F) for .ARM.Collect$$libinit$$0000000F
    libinit2.o(.ARM.Collect$$libinit$$00000012) refers to libinit2.o(.ARM.Collect$$libinit$$0000000F) for .ARM.Collect$$libinit$$0000000F
    libinit2.o(.ARM.Collect$$libinit$$00000014) refers to libinit2.o(.ARM.Collect$$libinit$$0000000F) for .ARM.Collect$$libinit$$0000000F
    libinit2.o(.ARM.Collect$$libinit$$00000016) refers to libinit2.o(.ARM.Collect$$libinit$$0000000F) for .ARM.Collect$$libinit$$0000000F
    libinit2.o(.ARM.Collect$$libinit$$00000018) refers to libinit2.o(.ARM.Collect$$libinit$$0000000F) for .ARM.Collect$$libinit$$0000000F
    libinit2.o(.ARM.Collect$$libinit$$00000026) refers to argv_veneer.o(.emb_text) for __ARM_argv_veneer
    libinit2.o(.ARM.Collect$$libinit$$00000027) refers to argv_veneer.o(.emb_text) for __ARM_argv_veneer
    libinit3.o(.ARM.Collect$$libinit$$00000006) refers to libinit3.o(.ARM.Collect$$libinit$$00002717) for __lit__00000000
    libinit3.o(.ARM.Collect$$libinit$$00002717) refers to startup_armcm3.o(HEAP) for __heap_base
    libinit3.o(.ARM.Collect$$libinit$$00000028) refers to libinit3.o(.ARM.Collect$$libinit$$00002739) for __lit__00000002
    libinit3.o(.ARM.Collect$$libinit$$00000028) refers to argv_veneer.o(.emb_text) for __ARM_argv_veneer
    libinit3.o(.ARM.Collect$$libinit$$00002739) refers to startup_armcm3.o(HEAP) for __heap_base
    rtexit2.o(.ARM.Collect$$rtexit$$00000003) refers to libshutdown.o(.ARM.Collect$$libshutdown$$00000000) for __rt_lib_shutdown
    rtexit2.o(.ARM.Collect$$rtexit$$00000004) refers to sys_exit.o(.text) for _sys_exit
    rtexit2.o(.ARM.exidx) refers to rtexit2.o(.ARM.Collect$$rtexit$$00000001) for .ARM.Collect$$rtexit$$00000001
    rtexit2.o(.ARM.exidx) refers to rtexit2.o(.ARM.Collect$$rtexit$$00000003) for .ARM.Collect$$rtexit$$00000003
    rtexit2.o(.ARM.exidx) refers to rtexit2.o(.ARM.Collect$$rtexit$$00000004) for .ARM.Collect$$rtexit$$00000004
    argv_veneer.o(.emb_text) refers to no_argv.o(.text) for __ARM_get_argv
    sys_exit.o(.text) refers (Special) to use_no_semi.o(.text) for __I$use$semihosting
    sys_exit.o(.text) refers (Special) to indicate_semi.o(.text) for __semihosting_library_function
    _get_argv_nomalloc.o(.text) refers (Special) to hrguard.o(.text) for __heap_region$guard
    _get_argv_nomalloc.o(.text) refers to defsig_rtmem_outer.o(.text) for __rt_SIGRTMEM
    _get_argv_nomalloc.o(.text) refers to sys_command.o(.text) for _sys_command_string
    libshutdown.o(.ARM.Collect$$libshutdown$$00000000) refers (Special) to libshutdown2.o(.ARM.Collect$$libshutdown$$00000002) for __rt_lib_shutdown_cpp_1
    libshutdown.o(.ARM.Collect$$libshutdown$$00000000) refers (Special) to libshutdown2.o(.ARM.Collect$$libshutdown$$00000007) for __rt_lib_shutdown_fp_trap_1
    libshutdown.o(.ARM.Collect$$libshutdown$$00000000) refers (Special) to libshutdown2.o(.ARM.Collect$$libshutdown$$0000000F) for __rt_lib_shutdown_heap_1
    libshutdown.o(.ARM.Collect$$libshutdown$$00000000) refers (Special) to libshutdown2.o(.ARM.Collect$$libshutdown$$00000010) for __rt_lib_shutdown_return
    libshutdown.o(.ARM.Collect$$libshutdown$$00000000) refers (Special) to libshutdown2.o(.ARM.Collect$$libshutdown$$0000000A) for __rt_lib_shutdown_signal_1
    libshutdown.o(.ARM.Collect$$libshutdown$$00000000) refers (Special) to libshutdown2.o(.ARM.Collect$$libshutdown$$00000004) for __rt_lib_shutdown_stdio_1
    libshutdown.o(.ARM.Collect$$libshutdown$$00000000) refers (Special) to libshutdown2.o(.ARM.Collect$$libshutdown$$0000000C) for __rt_lib_shutdown_user_alloc_1
    sys_command.o(.text) refers (Special) to use_no_semi.o(.text) for __I$use$semihosting
    sys_command.o(.text) refers (Special) to indicate_semi.o(.text) for __semihosting_library_function
    defsig_rtmem_outer.o(.text) refers to defsig_rtmem_inner.o(.text) for __rt_SIGRTMEM_inner
    defsig_rtmem_outer.o(.text) refers to defsig_exit.o(.text) for __sig_exit
    defsig_rtmem_formal.o(.text) refers to rt_raise.o(.text) for __rt_raise
    rt_raise.o(.text) refers to __raise.o(.text) for __raise
    rt_raise.o(.text) refers to sys_exit.o(.text) for _sys_exit
    defsig_exit.o(.text) refers to sys_exit.o(.text) for _sys_exit
    defsig_rtmem_inner.o(.text) refers to defsig_general.o(.text) for __default_signal_display
    __raise.o(.text) refers to defsig.o(CL$$defsig) for __default_signal_handler
    defsig_general.o(.text) refers to sys_wrch.o(.text) for _ttywrch
    sys_wrch.o(.text) refers (Special) to use_no_semi.o(.text) for __I$use$semihosting
    sys_wrch.o(.text) refers (Special) to indicate_semi.o(.text) for __semihosting_library_function
    defsig.o(CL$$defsig) refers to defsig_rtmem_inner.o(.text) for __rt_SIGRTMEM_inner
    defsig_abrt_inner.o(.text) refers to defsig_general.o(.text) for __default_signal_display
    defsig_fpe_inner.o(.text) refers to defsig_general.o(.text) for __default_signal_display
    defsig_rtred_inner.o(.text) refers to defsig_general.o(.text) for __default_signal_display
    defsig_stak_inner.o(.text) refers to defsig_general.o(.text) for __default_signal_display
    defsig_pvfn_inner.o(.text) refers to defsig_general.o(.text) for __default_signal_display
    defsig_cppl_inner.o(.text) refers to defsig_general.o(.text) for __default_signal_display
    defsig_segv_inner.o(.text) refers to defsig_general.o(.text) for __default_signal_display
    defsig_other.o(.text) refers to defsig_general.o(.text) for __default_signal_display


==============================================================================

Removing Unused input sections from the image.

    Removing main.o(.rev16_text), (4 bytes).
    Removing main.o(.revsh_text), (4 bytes).
    Removing main.o(.rrx_text), (6 bytes).
    Removing main.o(i.delay), (10 bytes).
    Removing main.o(i.rzyOS_get_cpu_usage), (28 bytes).
    Removing main.o(i.rzyOS_task_ready_list_remove), (60 bytes).
    Removing rzyos_cpu.o(.rev16_text), (4 bytes).
    Removing rzyos_cpu.o(.revsh_text), (4 bytes).
    Removing rzyos_cpu.o(.rrx_text), (6 bytes).
    Removing rzyos_event.o(i.rzyOS_event_remove_all), (90 bytes).
    Removing rzyos_event.o(i.rzyOS_event_wakeup_appoint_task), (72 bytes).
    Removing rzyos_eventgroup.o(i.rzyOS_flag_group_check), (86 bytes).
    Removing rzyos_eventgroup.o(i.rzyOS_flag_group_destroy), (38 bytes).
    Removing rzyos_eventgroup.o(i.rzyOS_flag_group_get_info), (32 bytes).
    Removing rzyos_eventgroup.o(i.rzyOS_flag_group_init), (18 bytes).
    Removing rzyos_eventgroup.o(i.rzyOS_flag_group_no_wait), (46 bytes).
    Removing rzyos_eventgroup.o(i.rzyOS_flag_group_post), (120 bytes).
    Removing rzyos_eventgroup.o(i.rzyOS_flag_group_wait), (116 bytes).
    Removing rzyos_list.o(i.list_insert_node_after), (20 bytes).
    Removing rzyos_list.o(i.list_last_node), (12 bytes).
    Removing rzyos_list.o(i.list_pos_node_next), (16 bytes).
    Removing rzyos_list.o(i.list_pos_node_pre), (16 bytes).
    Removing rzyos_list.o(i.list_remode_all), (32 bytes).
    Removing rzyos_mbox.o(i.rzyOS_mbox_destory), (38 bytes).
    Removing rzyos_mbox.o(i.rzyOS_mbox_flush), (34 bytes).
    Removing rzyos_mbox.o(i.rzyOS_mbox_get_info), (36 bytes).
    Removing rzyos_mbox.o(i.rzyOS_mbox_init), (30 bytes).
    Removing rzyos_mbox.o(i.rzyOS_mbox_nowait), (70 bytes).
    Removing rzyos_mbox.o(i.rzyOS_mbox_post), (156 bytes).
    Removing rzyos_mbox.o(i.rzyOS_mbox_wait), (108 bytes).
    Removing rzyos_memory.o(i.rzyOS_mem_block_destroy), (38 bytes).
    Removing rzyos_memory.o(i.rzyOS_mem_block_get_info), (46 bytes).
    Removing rzyos_memory.o(i.rzyOS_mem_block_init), (78 bytes).
    Removing rzyos_memory.o(i.rzyOS_mem_block_no_wait), (52 bytes).
    Removing rzyos_memory.o(i.rzyOS_mem_block_post), (76 bytes).
    Removing rzyos_memory.o(i.rzyOS_mem_block_wait), (92 bytes).
    Removing rzyos_mutex.o(i.rzyOS_mutex_destroy), (86 bytes).
    Removing rzyos_mutex.o(i.rzyOS_mutex_get_info), (56 bytes).
    Removing rzyos_mutex.o(i.rzyOS_mutex_init), (24 bytes).
    Removing rzyos_mutex.o(i.rzyOS_mutex_no_wait), (84 bytes).
    Removing rzyos_mutex.o(i.rzyOS_mutex_post), (176 bytes).
    Removing rzyos_mutex.o(i.rzyOS_mutex_wait), (164 bytes).
    Removing rzyos_semaphore.o(i.rzyOS_sem_destroy), (42 bytes).
    Removing rzyos_semaphore.o(i.rzyOS_sem_get_info), (36 bytes).
    Removing rzyos_semaphore.o(i.rzyOS_sem_no_wait), (40 bytes).
    Removing rzyos_task.o(i.rzyOS_task_clean_callback), (6 bytes).
    Removing rzyos_task.o(i.rzyOS_task_delete_self), (56 bytes).
    Removing rzyos_task.o(i.rzyOS_task_force_delete), (80 bytes).
    Removing rzyos_task.o(i.rzyOS_task_get_info), (86 bytes).
    Removing rzyos_task.o(i.rzyOS_task_request_delete), (24 bytes).
    Removing rzyos_task.o(i.rzyOS_task_request_delete_check), (32 bytes).
    Removing rzyos_task.o(i.rzyOS_task_suspend), (72 bytes).
    Removing rzyos_task.o(i.rzyOS_task_wakeup), (56 bytes).
    Removing rzyos_wqueue.o(i.rzyOS_wqueue_destroy), (18 bytes).
    Removing rzyos_wqueue.o(i.rzyOS_wqueue_get_info), (46 bytes).
    Removing rzyos_wqueue.o(i.rzyOS_wqueue_init), (54 bytes).
    Removing rzyos_wqueue.o(i.rzyOS_wqueue_start), (108 bytes).
    Removing rzyos_wqueue.o(i.rzyOS_wqueue_stop), (92 bytes).
    Removing switch.o(.rev16_text), (4 bytes).
    Removing switch.o(.revsh_text), (4 bytes).
    Removing switch.o(.rrx_text), (6 bytes).
    Removing startup_armcm3.o(HEAP), (3072 bytes).
    Removing system_armcm3.o(.rev16_text), (4 bytes).
    Removing system_armcm3.o(.revsh_text), (4 bytes).
    Removing system_armcm3.o(.rrx_text), (6 bytes).
    Removing system_armcm3.o(i.SystemCoreClockUpdate), (16 bytes).

66 unused section(s) (total 6248 bytes) removed from the image.

==============================================================================

Image Symbol Table

    Local Symbols

    Symbol Name                              Value     Ov Type        Size  Object(Section)

    RESET                                    0x00000000   Section      960  startup_armcm3.o(RESET)
    ../clib/angel/boardlib.s                 0x00000000   Number         0  boardshut.o ABSOLUTE
    ../clib/angel/boardlib.s                 0x00000000   Number         0  boardinit3.o ABSOLUTE
    ../clib/angel/boardlib.s                 0x00000000   Number         0  boardinit2.o ABSOLUTE
    ../clib/angel/boardlib.s                 0x00000000   Number         0  boardinit1.o ABSOLUTE
    ../clib/angel/handlers.s                 0x00000000   Number         0  __scatter_zi.o ABSOLUTE
    ../clib/angel/handlers.s                 0x00000000   Number         0  __scatter_copy.o ABSOLUTE
    ../clib/angel/kernel.s                   0x00000000   Number         0  __rtentry2.o ABSOLUTE
    ../clib/angel/kernel.s                   0x00000000   Number         0  rtexit.o ABSOLUTE
    ../clib/angel/kernel.s                   0x00000000   Number         0  __rtentry.o ABSOLUTE
    ../clib/angel/kernel.s                   0x00000000   Number         0  __rtentry4.o ABSOLUTE
    ../clib/angel/kernel.s                   0x00000000   Number         0  __rtentry5.o ABSOLUTE
    ../clib/angel/kernel.s                   0x00000000   Number         0  rtexit2.o ABSOLUTE
    ../clib/angel/rt.s                       0x00000000   Number         0  rt_raise.o ABSOLUTE
    ../clib/angel/scatter.s                  0x00000000   Number         0  __scatter.o ABSOLUTE
    ../clib/angel/startup.s                  0x00000000   Number         0  __main.o ABSOLUTE
    ../clib/angel/sys.s                      0x00000000   Number         0  sys_stackheap.o ABSOLUTE
    ../clib/angel/sys.s                      0x00000000   Number         0  libspace.o ABSOLUTE
    ../clib/angel/sys.s                      0x00000000   Number         0  sys_stackheap_outer.o ABSOLUTE
    ../clib/angel/sys.s                      0x00000000   Number         0  indicate_semi.o ABSOLUTE
    ../clib/angel/sys.s                      0x00000000   Number         0  use_no_semi.o ABSOLUTE
    ../clib/angel/sysapp.c                   0x00000000   Number         0  sys_exit.o ABSOLUTE
    ../clib/angel/sysapp.c                   0x00000000   Number         0  sys_command.o ABSOLUTE
    ../clib/angel/sysapp.c                   0x00000000   Number         0  sys_wrch.o ABSOLUTE
    ../clib/armsys.c                         0x00000000   Number         0  argv_veneer.o ABSOLUTE
    ../clib/armsys.c                         0x00000000   Number         0  _get_argv_nomalloc.o ABSOLUTE
    ../clib/armsys.c                         0x00000000   Number         0  no_argv.o ABSOLUTE
    ../clib/armsys.c                         0x00000000   Number         0  argv_veneer.o ABSOLUTE
    ../clib/heapalloc.c                      0x00000000   Number         0  hrguard.o ABSOLUTE
    ../clib/heapaux.c                        0x00000000   Number         0  heapauxi.o ABSOLUTE
    ../clib/libinit.s                        0x00000000   Number         0  libinit2.o ABSOLUTE
    ../clib/libinit.s                        0x00000000   Number         0  libshutdown2.o ABSOLUTE
    ../clib/libinit.s                        0x00000000   Number         0  libshutdown.o ABSOLUTE
    ../clib/libinit.s                        0x00000000   Number         0  libinit.o ABSOLUTE
    ../clib/libinit.s                        0x00000000   Number         0  libinit3.o ABSOLUTE
    ../clib/memcpset.s                       0x00000000   Number         0  rt_memclr_w.o ABSOLUTE
    ../clib/signal.c                         0x00000000   Number         0  defsig_fpe_inner.o ABSOLUTE
    ../clib/signal.c                         0x00000000   Number         0  defsig_abrt_inner.o ABSOLUTE
    ../clib/signal.c                         0x00000000   Number         0  defsig_segv_inner.o ABSOLUTE
    ../clib/signal.c                         0x00000000   Number         0  defsig_general.o ABSOLUTE
    ../clib/signal.c                         0x00000000   Number         0  __raise.o ABSOLUTE
    ../clib/signal.c                         0x00000000   Number         0  defsig_rtmem_inner.o ABSOLUTE
    ../clib/signal.c                         0x00000000   Number         0  defsig_other.o ABSOLUTE
    ../clib/signal.c                         0x00000000   Number         0  defsig_rtmem_formal.o ABSOLUTE
    ../clib/signal.c                         0x00000000   Number         0  defsig_rtmem_outer.o ABSOLUTE
    ../clib/signal.c                         0x00000000   Number         0  defsig_exit.o ABSOLUTE
    ../clib/signal.c                         0x00000000   Number         0  defsig_stak_inner.o ABSOLUTE
    ../clib/signal.c                         0x00000000   Number         0  defsig_cppl_inner.o ABSOLUTE
    ../clib/signal.c                         0x00000000   Number         0  defsig_rtred_inner.o ABSOLUTE
    ../clib/signal.c                         0x00000000   Number         0  defsig_pvfn_inner.o ABSOLUTE
    ../clib/signal.s                         0x00000000   Number         0  defsig.o ABSOLUTE
    ../clib/stdlib.c                         0x00000000   Number         0  exit.o ABSOLUTE
    ../fplib/faddsub.s                       0x00000000   Number         0  faddsub_clz.o ABSOLUTE
    ../fplib/fdiv.s                          0x00000000   Number         0  fdiv.o ABSOLUTE
    ../fplib/fflt.s                          0x00000000   Number         0  fflt_clz.o ABSOLUTE
    ../fplib/fmul.s                          0x00000000   Number         0  fmul.o ABSOLUTE
    ../fplib/fnaninf.s                       0x00000000   Number         0  fnaninf.o ABSOLUTE
    ../fplib/fpinit.s                        0x00000000   Number         0  fpinit.o ABSOLUTE
    ../fplib/fretinf.s                       0x00000000   Number         0  fretinf.o ABSOLUTE
    ../fplib/usenofp.s                       0x00000000   Number         0  usenofp.o ABSOLUTE
    ..\..\SRC\bitMapLib.c                    0x00000000   Number         0  bitmaplib.o ABSOLUTE
    ..\..\SRC\main.c                         0x00000000   Number         0  main.o ABSOLUTE
    ..\..\SRC\rzyOS_app.c                    0x00000000   Number         0  rzyos_app.o ABSOLUTE
    ..\..\SRC\rzyOS_cpu.c                    0x00000000   Number         0  rzyos_cpu.o ABSOLUTE
    ..\..\SRC\rzyOS_event.c                  0x00000000   Number         0  rzyos_event.o ABSOLUTE
    ..\..\SRC\rzyOS_eventgroup.c             0x00000000   Number         0  rzyos_eventgroup.o ABSOLUTE
    ..\..\SRC\rzyOS_hook.c                   0x00000000   Number         0  rzyos_hook.o ABSOLUTE
    ..\..\SRC\rzyOS_list.c                   0x00000000   Number         0  rzyos_list.o ABSOLUTE
    ..\..\SRC\rzyOS_mbox.c                   0x00000000   Number         0  rzyos_mbox.o ABSOLUTE
    ..\..\SRC\rzyOS_memory.c                 0x00000000   Number         0  rzyos_memory.o ABSOLUTE
    ..\..\SRC\rzyOS_mutex.c                  0x00000000   Number         0  rzyos_mutex.o ABSOLUTE
    ..\..\SRC\rzyOS_semaphore.c              0x00000000   Number         0  rzyos_semaphore.o ABSOLUTE
    ..\..\SRC\rzyOS_task.c                   0x00000000   Number         0  rzyos_task.o ABSOLUTE
    ..\..\SRC\rzyOS_time.c                   0x00000000   Number         0  rzyos_time.o ABSOLUTE
    ..\..\SRC\rzyOS_wqueue.c                 0x00000000   Number         0  rzyos_wqueue.o ABSOLUTE
    ..\..\SRC\switch.c                       0x00000000   Number         0  switch.o ABSOLUTE
    ..\\..\\SRC\\main.c                      0x00000000   Number         0  main.o ABSOLUTE
    ..\\..\\SRC\\rzyOS_cpu.c                 0x00000000   Number         0  rzyos_cpu.o ABSOLUTE
    ..\\..\\SRC\\switch.c                    0x00000000   Number         0  switch.o ABSOLUTE
    RTE\Device\ARMCM3\startup_ARMCM3.s       0x00000000   Number         0  startup_armcm3.o ABSOLUTE
    RTE\Device\ARMCM3\system_ARMCM3.c        0x00000000   Number         0  system_armcm3.o ABSOLUTE
    RTE\\Device\\ARMCM3\\system_ARMCM3.c     0x00000000   Number         0  system_armcm3.o ABSOLUTE
    dc.s                                     0x00000000   Number         0  dc.o ABSOLUTE
    !!!main                                  0x000003c0   Section        8  __main.o(!!!main)
    !!!scatter                               0x000003c8   Section       52  __scatter.o(!!!scatter)
    !!handler_copy                           0x000003fc   Section       26  __scatter_copy.o(!!handler_copy)
    !!handler_zi                             0x00000418   Section       28  __scatter_zi.o(!!handler_zi)
    .ARM.Collect$$libinit$$00000000          0x00000434   Section        2  libinit.o(.ARM.Collect$$libinit$$00000000)
    .ARM.Collect$$libinit$$00000002          0x00000436   Section        0  libinit2.o(.ARM.Collect$$libinit$$00000002)
    .ARM.Collect$$libinit$$00000004          0x00000436   Section        0  libinit2.o(.ARM.Collect$$libinit$$00000004)
    .ARM.Collect$$libinit$$0000000A          0x00000436   Section        0  libinit2.o(.ARM.Collect$$libinit$$0000000A)
    .ARM.Collect$$libinit$$0000000C          0x00000436   Section        0  libinit2.o(.ARM.Collect$$libinit$$0000000C)
    .ARM.Collect$$libinit$$0000000E          0x00000436   Section        0  libinit2.o(.ARM.Collect$$libinit$$0000000E)
    .ARM.Collect$$libinit$$00000011          0x00000436   Section        0  libinit2.o(.ARM.Collect$$libinit$$00000011)
    .ARM.Collect$$libinit$$00000013          0x00000436   Section        0  libinit2.o(.ARM.Collect$$libinit$$00000013)
    .ARM.Collect$$libinit$$00000015          0x00000436   Section        0  libinit2.o(.ARM.Collect$$libinit$$00000015)
    .ARM.Collect$$libinit$$00000017          0x00000436   Section        0  libinit2.o(.ARM.Collect$$libinit$$00000017)
    .ARM.Collect$$libinit$$00000019          0x00000436   Section        0  libinit2.o(.ARM.Collect$$libinit$$00000019)
    .ARM.Collect$$libinit$$0000001B          0x00000436   Section        0  libinit2.o(.ARM.Collect$$libinit$$0000001B)
    .ARM.Collect$$libinit$$0000001D          0x00000436   Section        0  libinit2.o(.ARM.Collect$$libinit$$0000001D)
    .ARM.Collect$$libinit$$0000001F          0x00000436   Section        0  libinit2.o(.ARM.Collect$$libinit$$0000001F)
    .ARM.Collect$$libinit$$00000021          0x00000436   Section        0  libinit2.o(.ARM.Collect$$libinit$$00000021)
    .ARM.Collect$$libinit$$00000023          0x00000436   Section        0  libinit2.o(.ARM.Collect$$libinit$$00000023)
    .ARM.Collect$$libinit$$00000025          0x00000436   Section        0  libinit2.o(.ARM.Collect$$libinit$$00000025)
    .ARM.Collect$$libinit$$0000002C          0x00000436   Section        0  libinit2.o(.ARM.Collect$$libinit$$0000002C)
    .ARM.Collect$$libinit$$0000002E          0x00000436   Section        0  libinit2.o(.ARM.Collect$$libinit$$0000002E)
    .ARM.Collect$$libinit$$00000030          0x00000436   Section        0  libinit2.o(.ARM.Collect$$libinit$$00000030)
    .ARM.Collect$$libinit$$00000032          0x00000436   Section        0  libinit2.o(.ARM.Collect$$libinit$$00000032)
    .ARM.Collect$$libinit$$00000033          0x00000436   Section        2  libinit2.o(.ARM.Collect$$libinit$$00000033)
    .ARM.Collect$$libshutdown$$00000000      0x00000438   Section        2  libshutdown.o(.ARM.Collect$$libshutdown$$00000000)
    .ARM.Collect$$libshutdown$$00000002      0x0000043a   Section        0  libshutdown2.o(.ARM.Collect$$libshutdown$$00000002)
    .ARM.Collect$$libshutdown$$00000004      0x0000043a   Section        0  libshutdown2.o(.ARM.Collect$$libshutdown$$00000004)
    .ARM.Collect$$libshutdown$$00000007      0x0000043a   Section        0  libshutdown2.o(.ARM.Collect$$libshutdown$$00000007)
    .ARM.Collect$$libshutdown$$0000000A      0x0000043a   Section        0  libshutdown2.o(.ARM.Collect$$libshutdown$$0000000A)
    .ARM.Collect$$libshutdown$$0000000C      0x0000043a   Section        0  libshutdown2.o(.ARM.Collect$$libshutdown$$0000000C)
    .ARM.Collect$$libshutdown$$0000000F      0x0000043a   Section        0  libshutdown2.o(.ARM.Collect$$libshutdown$$0000000F)
    .ARM.Collect$$libshutdown$$00000010      0x0000043a   Section        2  libshutdown2.o(.ARM.Collect$$libshutdown$$00000010)
    .ARM.Collect$$rtentry$$00000000          0x0000043c   Section        0  __rtentry.o(.ARM.Collect$$rtentry$$00000000)
    .ARM.Collect$$rtentry$$00000002          0x0000043c   Section        0  __rtentry2.o(.ARM.Collect$$rtentry$$00000002)
    .ARM.Collect$$rtentry$$00000005          0x0000043c   Section        4  __rtentry5.o(.ARM.Collect$$rtentry$$00000005)
    .ARM.Collect$$rtentry$$00000009          0x00000440   Section        0  __rtentry2.o(.ARM.Collect$$rtentry$$00000009)
    .ARM.Collect$$rtentry$$0000000A          0x00000440   Section        4  __rtentry2.o(.ARM.Collect$$rtentry$$0000000A)
    .ARM.Collect$$rtentry$$0000000C          0x00000444   Section        0  __rtentry2.o(.ARM.Collect$$rtentry$$0000000C)
    .ARM.Collect$$rtentry$$0000000D          0x00000444   Section        8  __rtentry2.o(.ARM.Collect$$rtentry$$0000000D)
    .ARM.Collect$$rtentry$$00002716          0x0000044c   Section        4  __rtentry5.o(.ARM.Collect$$rtentry$$00002716)
    __lit__00000000                          0x0000044c   Data           4  __rtentry5.o(.ARM.Collect$$rtentry$$00002716)
    .ARM.Collect$$rtexit$$00000000           0x00000450   Section        2  rtexit.o(.ARM.Collect$$rtexit$$00000000)
    .ARM.Collect$$rtexit$$00000002           0x00000452   Section        0  rtexit2.o(.ARM.Collect$$rtexit$$00000002)
    .ARM.Collect$$rtexit$$00000003           0x00000452   Section        4  rtexit2.o(.ARM.Collect$$rtexit$$00000003)
    .ARM.Collect$$rtexit$$00000004           0x00000456   Section        6  rtexit2.o(.ARM.Collect$$rtexit$$00000004)
    .emb_text                                0x0000045c   Section       48  switch.o(.emb_text)
    .text                                    0x0000048c   Section       56  startup_armcm3.o(.text)
    .text                                    0x000004c4   Section       78  rt_memclr_w.o(.text)
    .text                                    0x00000512   Section        0  heapauxi.o(.text)
    .text                                    0x00000518   Section        0  exit.o(.text)
    .text                                    0x0000052a   Section        2  use_no_semi.o(.text)
    .text                                    0x0000052c   Section        0  indicate_semi.o(.text)
    .text                                    0x0000052c   Section        0  sys_exit.o(.text)
    i.SysTick_Handler                        0x00000538   Section        0  rzyos_cpu.o(i.SysTick_Handler)
    i.SystemInit                             0x00000540   Section        0  system_armcm3.o(i.SystemInit)
    i.bitmap_clean                           0x00000560   Section        0  bitmaplib.o(i.bitmap_clean)
    i.bitmap_get_first_set                   0x0000056c   Section        0  bitmaplib.o(i.bitmap_get_first_set)
    i.bitmap_init                            0x000005c8   Section        0  bitmaplib.o(i.bitmap_init)
    i.bitmap_set                             0x000005ce   Section        0  bitmaplib.o(i.bitmap_set)
    i.bitmap_size                            0x000005da   Section        0  bitmaplib.o(i.bitmap_size)
    i.check_cpu_usage_detect                 0x000005e0   Section        0  main.o(i.check_cpu_usage_detect)
    check_cpu_usage_detect                   0x000005e1   Thumb Code   120  main.o(i.check_cpu_usage_detect)
    i.cpu_tick_sync                          0x00000670   Section        0  main.o(i.cpu_tick_sync)
    cpu_tick_sync                            0x00000671   Thumb Code    12  main.o(i.cpu_tick_sync)
    i.cpu_usage_state_init                   0x00000680   Section        0  main.o(i.cpu_usage_state_init)
    cpu_usage_state_init                     0x00000681   Thumb Code    20  main.o(i.cpu_usage_state_init)
    i.delay_list_insert_time_node            0x000006a4   Section        0  main.o(i.delay_list_insert_time_node)
    i.delay_list_remove_time_node            0x000006c4   Section        0  main.o(i.delay_list_remove_time_node)
    i.idle_task_entry                        0x000006e0   Section        0  main.o(i.idle_task_entry)
    i.list_add_first                         0x00000714   Section        0  rzyos_list.o(i.list_add_first)
    i.list_add_last                          0x0000072c   Section        0  rzyos_list.o(i.list_add_last)
    i.list_count                             0x00000740   Section        0  rzyos_list.o(i.list_count)
    i.list_first_node                        0x00000746   Section        0  rzyos_list.o(i.list_first_node)
    i.list_init                              0x00000752   Section        0  rzyos_list.o(i.list_init)
    i.list_remove_pos_node                   0x0000075c   Section        0  rzyos_list.o(i.list_remove_pos_node)
    i.main                                   0x00000770   Section        0  main.o(i.main)
    i.node_init                              0x000007c8   Section        0  rzyos_list.o(i.node_init)
    i.remove_list_first                      0x000007ce   Section        0  rzyos_list.o(i.remove_list_first)
    i.rzyOS_app_init                         0x000007e8   Section        0  rzyos_app.o(i.rzyOS_app_init)
    i.rzyOS_event_init                       0x0000087c   Section        0  rzyos_event.o(i.rzyOS_event_init)
    i.rzyOS_event_remove                     0x0000088c   Section        0  rzyos_event.o(i.rzyOS_event_remove)
    i.rzyOS_event_wait                       0x000008c2   Section        0  rzyos_event.o(i.rzyOS_event_wait)
    i.rzyOS_event_wait_count                 0x0000090e   Section        0  rzyos_event.o(i.rzyOS_event_wait_count)
    i.rzyOS_event_wakeup                     0x0000092c   Section        0  rzyos_event.o(i.rzyOS_event_wakeup)
    i.rzyOS_sem_init                         0x0000097a   Section        0  rzyos_semaphore.o(i.rzyOS_sem_init)
    i.rzyOS_sem_post                         0x000009a0   Section        0  rzyos_semaphore.o(i.rzyOS_sem_post)
    i.rzyOS_sem_wait                         0x000009f4   Section        0  rzyos_semaphore.o(i.rzyOS_sem_wait)
    i.rzyOS_task_delay_list_remove           0x00000a3c   Section        0  main.o(i.rzyOS_task_delay_list_remove)
    i.rzyOS_tick_count_init                  0x00000a48   Section        0  main.o(i.rzyOS_tick_count_init)
    i.rzyOS_wqueue_call                      0x00000a54   Section        0  rzyos_wqueue.o(i.rzyOS_wqueue_call)
    rzyOS_wqueue_call                        0x00000a55   Thumb Code    70  rzyos_wqueue.o(i.rzyOS_wqueue_call)
    i.rzyOS_wqueue_module_init               0x00000a9c   Section        0  rzyos_wqueue.o(i.rzyOS_wqueue_module_init)
    i.rzyOS_wqueue_task                      0x00000ad0   Section        0  rzyos_wqueue.o(i.rzyOS_wqueue_task)
    rzyOS_wqueue_task                        0x00000ad1   Thumb Code    32  rzyos_wqueue.o(i.rzyOS_wqueue_task)
    i.rzyOS_wqueue_task_init                 0x00000afc   Section        0  rzyos_wqueue.o(i.rzyOS_wqueue_task_init)
    i.rzyOS_wqueue_tick_handle               0x00000b24   Section        0  rzyos_wqueue.o(i.rzyOS_wqueue_tick_handle)
    i.set_systick_period                     0x00000b48   Section        0  rzyos_cpu.o(i.set_systick_period)
    i.task1_entry                            0x00000ba0   Section        0  rzyos_app.o(i.task1_entry)
    i.task2_entry                            0x00000bc0   Section        0  rzyos_app.o(i.task2_entry)
    i.task3_entry                            0x00000be0   Section        0  rzyos_app.o(i.task3_entry)
    i.task4_entry                            0x00000c00   Section        0  rzyos_app.o(i.task4_entry)
    i.task_delay                             0x00000c20   Section        0  rzyos_time.o(i.task_delay)
    i.task_delay_list_init                   0x00000c4c   Section        0  main.o(i.task_delay_list_init)
    i.task_enter_critical                    0x00000c5c   Section        0  switch.o(i.task_enter_critical)
    i.task_exit_critical                     0x00000c68   Section        0  switch.o(i.task_exit_critical)
    i.task_highest_ready                     0x00000c74   Section        0  main.o(i.task_highest_ready)
    i.task_init                              0x00000c9c   Section        0  rzyos_task.o(i.task_init)
    i.task_insert_ready_list                 0x00000d78   Section        0  main.o(i.task_insert_ready_list)
    i.task_remove_ready_list                 0x00000da4   Section        0  main.o(i.task_remove_ready_list)
    i.task_run_first                         0x00000de0   Section        0  switch.o(i.task_run_first)
    i.task_schedule                          0x00000dfc   Section        0  main.o(i.task_schedule)
    i.task_schedule_disable                  0x00000e40   Section        0  main.o(i.task_schedule_disable)
    i.task_schedule_enable                   0x00000e68   Section        0  main.o(i.task_schedule_enable)
    i.task_schedule_init                     0x00000e98   Section        0  main.o(i.task_schedule_init)
    i.task_switch                            0x00000ecc   Section        0  switch.o(i.task_switch)
    i.task_systemtick_handler                0x00000edc   Section        0  main.o(i.task_systemtick_handler)
    x$fpl$fadd                               0x00000fac   Section      196  faddsub_clz.o(x$fpl$fadd)
    _fadd1                                   0x00000fbb   Thumb Code     0  faddsub_clz.o(x$fpl$fadd)
    x$fpl$fdiv                               0x00001070   Section      388  fdiv.o(x$fpl$fdiv)
    _fdiv1                                   0x00001071   Thumb Code     0  fdiv.o(x$fpl$fdiv)
    x$fpl$ffltu                              0x000011f4   Section       38  fflt_clz.o(x$fpl$ffltu)
    x$fpl$fmul                               0x0000121c   Section      258  fmul.o(x$fpl$fmul)
    x$fpl$fnaninf                            0x0000131e   Section      140  fnaninf.o(x$fpl$fnaninf)
    x$fpl$fretinf                            0x000013aa   Section       10  fretinf.o(x$fpl$fretinf)
    x$fpl$frsb                               0x000013b4   Section       20  faddsub_clz.o(x$fpl$frsb)
    x$fpl$fsub                               0x000013c8   Section      234  faddsub_clz.o(x$fpl$fsub)
    _fsub1                                   0x000013d7   Thumb Code     0  faddsub_clz.o(x$fpl$fsub)
    .constdata                               0x000014b2   Section      256  bitmaplib.o(.constdata)
    x$fpl$usenofp                            0x000014b2   Section        0  usenofp.o(x$fpl$usenofp)
    bitmap_table                             0x000014b2   Data         256  bitmaplib.o(.constdata)
    .data                                    0x20000000   Section       40  main.o(.data)
    cpu_usage                                0x20000020   Data           4  main.o(.data)
    cpu_sync_flag                            0x20000024   Data           4  main.o(.data)
    .data                                    0x20000028   Section       20  rzyos_app.o(.data)
    .data                                    0x2000003c   Section        4  system_armcm3.o(.data)
    .bss                                     0x20000040   Section     4572  main.o(.bss)
    .bss                                     0x2000121c   Section    16704  rzyos_app.o(.bss)
    .bss                                     0x2000535c   Section     4248  rzyos_wqueue.o(.bss)
    rzyOS_high_wqueue_list                   0x2000535c   Data          12  rzyos_wqueue.o(.bss)
    rzyOS_low_wqueue_list                    0x20005368   Data          12  rzyos_wqueue.o(.bss)
    rzyOS_wqueue_protect_sem                 0x20005374   Data          24  rzyos_wqueue.o(.bss)
    rzyOS_wqueue_tick_sem                    0x2000538c   Data          24  rzyos_wqueue.o(.bss)
    rzyOS_wqueue_task_tcb                    0x200053a4   Data          80  rzyos_wqueue.o(.bss)
    rzyOS_wqueue_task_stack                  0x200053f4   Data        4096  rzyos_wqueue.o(.bss)
    STACK                                    0x200063f8   Section     1024  startup_armcm3.o(STACK)

    Global Symbols

    Symbol Name                              Value     Ov Type        Size  Object(Section)

    BuildAttributes$$THM_ISAv4$P$D$K$B$S$PE$A:L22UL41UL21$X:L11$S22US41US21$IEEE1$IW$USESV6$~STKCKD$USESV7$~SHL$OSPACE$ROPI$EBA8$UX$STANDARDLIB$REQ8$PRES8$EABIv2 0x00000000   Number         0  anon$$obj.o ABSOLUTE
    __ARM_use_no_argv                        0x00000000   Number         0  main.o ABSOLUTE
    __Vectors                                0x00000000   Data           4  startup_armcm3.o(RESET)
    Image$$ZI$$Limit                          - Undefined Weak Reference
    __ARM_exceptions_init                     - Undefined Weak Reference
    __alloca_initialize                       - Undefined Weak Reference
    __arm_preinit_                            - Undefined Weak Reference
    __cpp_initialize__aeabi_                  - Undefined Weak Reference
    __cxa_finalize                            - Undefined Weak Reference
    __rt_locale                               - Undefined Weak Reference
    __sigvec_lookup                           - Undefined Weak Reference
    _atexit_init                              - Undefined Weak Reference
    _call_atexit_fns                          - Undefined Weak Reference
    _clock_init                               - Undefined Weak Reference
    _fp_trap_init                             - Undefined Weak Reference
    _fp_trap_shutdown                         - Undefined Weak Reference
    _get_lc_collate                           - Undefined Weak Reference
    _get_lc_ctype                             - Undefined Weak Reference
    _get_lc_monetary                          - Undefined Weak Reference
    _get_lc_numeric                           - Undefined Weak Reference
    _get_lc_time                              - Undefined Weak Reference
    _getenv_init                              - Undefined Weak Reference
    _handle_redirection                       - Undefined Weak Reference
    _init_alloc                               - Undefined Weak Reference
    _init_user_alloc                          - Undefined Weak Reference
    _initio                                   - Undefined Weak Reference
    _rand_init                                - Undefined Weak Reference
    _signal_finish                            - Undefined Weak Reference
    _signal_init                              - Undefined Weak Reference
    _terminate_alloc                          - Undefined Weak Reference
    _terminate_user_alloc                     - Undefined Weak Reference
    _terminateio                              - Undefined Weak Reference
    __Vectors_End                            0x000003c0   Data           0  startup_armcm3.o(RESET)
    __Vectors_Size                           0x000003c0   Number         0  startup_armcm3.o ABSOLUTE
    __main                                   0x000003c1   Thumb Code     8  __main.o(!!!main)
    __scatterload                            0x000003c9   Thumb Code     0  __scatter.o(!!!scatter)
    __scatterload_rt2                        0x000003c9   Thumb Code    44  __scatter.o(!!!scatter)
    __scatterload_rt2_thumb_only             0x000003c9   Thumb Code     0  __scatter.o(!!!scatter)
    __scatterload_null                       0x000003d7   Thumb Code     0  __scatter.o(!!!scatter)
    __scatterload_copy                       0x000003fd   Thumb Code    26  __scatter_copy.o(!!handler_copy)
    __scatterload_zeroinit                   0x00000419   Thumb Code    28  __scatter_zi.o(!!handler_zi)
    __rt_lib_init                            0x00000435   Thumb Code     0  libinit.o(.ARM.Collect$$libinit$$00000000)
    __rt_lib_init_alloca_1                   0x00000437   Thumb Code     0  libinit2.o(.ARM.Collect$$libinit$$0000002E)
    __rt_lib_init_argv_1                     0x00000437   Thumb Code     0  libinit2.o(.ARM.Collect$$libinit$$0000002C)
    __rt_lib_init_atexit_1                   0x00000437   Thumb Code     0  libinit2.o(.ARM.Collect$$libinit$$0000001B)
    __rt_lib_init_clock_1                    0x00000437   Thumb Code     0  libinit2.o(.ARM.Collect$$libinit$$00000021)
    __rt_lib_init_cpp_1                      0x00000437   Thumb Code     0  libinit2.o(.ARM.Collect$$libinit$$00000032)
    __rt_lib_init_exceptions_1               0x00000437   Thumb Code     0  libinit2.o(.ARM.Collect$$libinit$$00000030)
    __rt_lib_init_fp_1                       0x00000437   Thumb Code     0  libinit2.o(.ARM.Collect$$libinit$$00000002)
    __rt_lib_init_fp_trap_1                  0x00000437   Thumb Code     0  libinit2.o(.ARM.Collect$$libinit$$0000001F)
    __rt_lib_init_getenv_1                   0x00000437   Thumb Code     0  libinit2.o(.ARM.Collect$$libinit$$00000023)
    __rt_lib_init_heap_1                     0x00000437   Thumb Code     0  libinit2.o(.ARM.Collect$$libinit$$0000000A)
    __rt_lib_init_lc_collate_1               0x00000437   Thumb Code     0  libinit2.o(.ARM.Collect$$libinit$$00000011)
    __rt_lib_init_lc_ctype_1                 0x00000437   Thumb Code     0  libinit2.o(.ARM.Collect$$libinit$$00000013)
    __rt_lib_init_lc_monetary_1              0x00000437   Thumb Code     0  libinit2.o(.ARM.Collect$$libinit$$00000015)
    __rt_lib_init_lc_numeric_1               0x00000437   Thumb Code     0  libinit2.o(.ARM.Collect$$libinit$$00000017)
    __rt_lib_init_lc_time_1                  0x00000437   Thumb Code     0  libinit2.o(.ARM.Collect$$libinit$$00000019)
    __rt_lib_init_preinit_1                  0x00000437   Thumb Code     0  libinit2.o(.ARM.Collect$$libinit$$00000004)
    __rt_lib_init_rand_1                     0x00000437   Thumb Code     0  libinit2.o(.ARM.Collect$$libinit$$0000000E)
    __rt_lib_init_return                     0x00000437   Thumb Code     0  libinit2.o(.ARM.Collect$$libinit$$00000033)
    __rt_lib_init_signal_1                   0x00000437   Thumb Code     0  libinit2.o(.ARM.Collect$$libinit$$0000001D)
    __rt_lib_init_stdio_1                    0x00000437   Thumb Code     0  libinit2.o(.ARM.Collect$$libinit$$00000025)
    __rt_lib_init_user_alloc_1               0x00000437   Thumb Code     0  libinit2.o(.ARM.Collect$$libinit$$0000000C)
    __rt_lib_shutdown                        0x00000439   Thumb Code     0  libshutdown.o(.ARM.Collect$$libshutdown$$00000000)
    __rt_lib_shutdown_cpp_1                  0x0000043b   Thumb Code     0  libshutdown2.o(.ARM.Collect$$libshutdown$$00000002)
    __rt_lib_shutdown_fp_trap_1              0x0000043b   Thumb Code     0  libshutdown2.o(.ARM.Collect$$libshutdown$$00000007)
    __rt_lib_shutdown_heap_1                 0x0000043b   Thumb Code     0  libshutdown2.o(.ARM.Collect$$libshutdown$$0000000F)
    __rt_lib_shutdown_return                 0x0000043b   Thumb Code     0  libshutdown2.o(.ARM.Collect$$libshutdown$$00000010)
    __rt_lib_shutdown_signal_1               0x0000043b   Thumb Code     0  libshutdown2.o(.ARM.Collect$$libshutdown$$0000000A)
    __rt_lib_shutdown_stdio_1                0x0000043b   Thumb Code     0  libshutdown2.o(.ARM.Collect$$libshutdown$$00000004)
    __rt_lib_shutdown_user_alloc_1           0x0000043b   Thumb Code     0  libshutdown2.o(.ARM.Collect$$libshutdown$$0000000C)
    __rt_entry                               0x0000043d   Thumb Code     0  __rtentry.o(.ARM.Collect$$rtentry$$00000000)
    __rt_entry_presh_1                       0x0000043d   Thumb Code     0  __rtentry2.o(.ARM.Collect$$rtentry$$00000002)
    __rt_entry_sh                            0x0000043d   Thumb Code     0  __rtentry5.o(.ARM.Collect$$rtentry$$00000005)
    __rt_entry_li                            0x00000441   Thumb Code     0  __rtentry2.o(.ARM.Collect$$rtentry$$0000000A)
    __rt_entry_postsh_1                      0x00000441   Thumb Code     0  __rtentry2.o(.ARM.Collect$$rtentry$$00000009)
    __rt_entry_main                          0x00000445   Thumb Code     0  __rtentry2.o(.ARM.Collect$$rtentry$$0000000D)
    __rt_entry_postli_1                      0x00000445   Thumb Code     0  __rtentry2.o(.ARM.Collect$$rtentry$$0000000C)
    __rt_exit                                0x00000451   Thumb Code     0  rtexit.o(.ARM.Collect$$rtexit$$00000000)
    __rt_exit_ls                             0x00000453   Thumb Code     0  rtexit2.o(.ARM.Collect$$rtexit$$00000003)
    __rt_exit_prels_1                        0x00000453   Thumb Code     0  rtexit2.o(.ARM.Collect$$rtexit$$00000002)
    __rt_exit_exit                           0x00000457   Thumb Code     0  rtexit2.o(.ARM.Collect$$rtexit$$00000004)
    PendSV_Handler                           0x0000045d   Thumb Code    40  switch.o(.emb_text)
    Reset_Handler                            0x0000048d   Thumb Code     8  startup_armcm3.o(.text)
    NMI_Handler                              0x00000495   Thumb Code     2  startup_armcm3.o(.text)
    HardFault_Handler                        0x00000497   Thumb Code     2  startup_armcm3.o(.text)
    MemManage_Handler                        0x00000499   Thumb Code     2  startup_armcm3.o(.text)
    BusFault_Handler                         0x0000049b   Thumb Code     2  startup_armcm3.o(.text)
    UsageFault_Handler                       0x0000049d   Thumb Code     2  startup_armcm3.o(.text)
    SVC_Handler                              0x0000049f   Thumb Code     2  startup_armcm3.o(.text)
    DebugMon_Handler                         0x000004a1   Thumb Code     2  startup_armcm3.o(.text)
    Interrupt0_Handler                       0x000004a7   Thumb Code     2  startup_armcm3.o(.text)
    Interrupt1_Handler                       0x000004a9   Thumb Code     2  startup_armcm3.o(.text)
    Interrupt2_Handler                       0x000004ab   Thumb Code     2  startup_armcm3.o(.text)
    Interrupt3_Handler                       0x000004ad   Thumb Code     2  startup_armcm3.o(.text)
    Interrupt4_Handler                       0x000004af   Thumb Code     2  startup_armcm3.o(.text)
    Interrupt5_Handler                       0x000004b1   Thumb Code     2  startup_armcm3.o(.text)
    Interrupt6_Handler                       0x000004b3   Thumb Code     2  startup_armcm3.o(.text)
    Interrupt7_Handler                       0x000004b5   Thumb Code     2  startup_armcm3.o(.text)
    Interrupt8_Handler                       0x000004b7   Thumb Code     2  startup_armcm3.o(.text)
    Interrupt9_Handler                       0x000004b9   Thumb Code     2  startup_armcm3.o(.text)
    __aeabi_memclr4                          0x000004c5   Thumb Code     0  rt_memclr_w.o(.text)
    __aeabi_memclr8                          0x000004c5   Thumb Code     0  rt_memclr_w.o(.text)
    __rt_memclr_w                            0x000004c5   Thumb Code    78  rt_memclr_w.o(.text)
    _memset_w                                0x000004c9   Thumb Code     0  rt_memclr_w.o(.text)
    __use_two_region_memory                  0x00000513   Thumb Code     2  heapauxi.o(.text)
    __rt_heap_escrow$2region                 0x00000515   Thumb Code     2  heapauxi.o(.text)
    __rt_heap_expand$2region                 0x00000517   Thumb Code     2  heapauxi.o(.text)
    exit                                     0x00000519   Thumb Code    18  exit.o(.text)
    __I$use$semihosting                      0x0000052b   Thumb Code     0  use_no_semi.o(.text)
    __use_no_semihosting_swi                 0x0000052b   Thumb Code     2  use_no_semi.o(.text)
    __semihosting_library_function           0x0000052d   Thumb Code     0  indicate_semi.o(.text)
    _sys_exit                                0x0000052d   Thumb Code     8  sys_exit.o(.text)
    SysTick_Handler                          0x00000539   Thumb Code     8  rzyos_cpu.o(i.SysTick_Handler)
    SystemInit                               0x00000541   Thumb Code    14  system_armcm3.o(i.SystemInit)
    bitmap_clean                             0x00000561   Thumb Code    12  bitmaplib.o(i.bitmap_clean)
    bitmap_get_first_set                     0x0000056d   Thumb Code    86  bitmaplib.o(i.bitmap_get_first_set)
    bitmap_init                              0x000005c9   Thumb Code     6  bitmaplib.o(i.bitmap_init)
    bitmap_set                               0x000005cf   Thumb Code    12  bitmaplib.o(i.bitmap_set)
    bitmap_size                              0x000005db   Thumb Code     4  bitmaplib.o(i.bitmap_size)
    delay_list_insert_time_node              0x000006a5   Thumb Code    28  main.o(i.delay_list_insert_time_node)
    delay_list_remove_time_node              0x000006c5   Thumb Code    24  main.o(i.delay_list_remove_time_node)
    idle_task_entry                          0x000006e1   Thumb Code    48  main.o(i.idle_task_entry)
    list_add_first                           0x00000715   Thumb Code    24  rzyos_list.o(i.list_add_first)
    list_add_last                            0x0000072d   Thumb Code    20  rzyos_list.o(i.list_add_last)
    list_count                               0x00000741   Thumb Code     6  rzyos_list.o(i.list_count)
    list_first_node                          0x00000747   Thumb Code    12  rzyos_list.o(i.list_first_node)
    list_init                                0x00000753   Thumb Code    10  rzyos_list.o(i.list_init)
    list_remove_pos_node                     0x0000075d   Thumb Code    20  rzyos_list.o(i.list_remove_pos_node)
    main                                     0x00000771   Thumb Code    66  main.o(i.main)
    node_init                                0x000007c9   Thumb Code     6  rzyos_list.o(i.node_init)
    remove_list_first                        0x000007cf   Thumb Code    26  rzyos_list.o(i.remove_list_first)
    rzyOS_app_init                           0x000007e9   Thumb Code   100  rzyos_app.o(i.rzyOS_app_init)
    rzyOS_event_init                         0x0000087d   Thumb Code    16  rzyos_event.o(i.rzyOS_event_init)
    rzyOS_event_remove                       0x0000088d   Thumb Code    54  rzyos_event.o(i.rzyOS_event_remove)
    rzyOS_event_wait                         0x000008c3   Thumb Code    76  rzyos_event.o(i.rzyOS_event_wait)
    rzyOS_event_wait_count                   0x0000090f   Thumb Code    30  rzyos_event.o(i.rzyOS_event_wait_count)
    rzyOS_event_wakeup                       0x0000092d   Thumb Code    78  rzyos_event.o(i.rzyOS_event_wakeup)
    rzyOS_sem_init                           0x0000097b   Thumb Code    38  rzyos_semaphore.o(i.rzyOS_sem_init)
    rzyOS_sem_post                           0x000009a1   Thumb Code    78  rzyos_semaphore.o(i.rzyOS_sem_post)
    rzyOS_sem_wait                           0x000009f5   Thumb Code    66  rzyos_semaphore.o(i.rzyOS_sem_wait)
    rzyOS_task_delay_list_remove             0x00000a3d   Thumb Code    12  main.o(i.rzyOS_task_delay_list_remove)
    rzyOS_tick_count_init                    0x00000a49   Thumb Code     8  main.o(i.rzyOS_tick_count_init)
    rzyOS_wqueue_module_init                 0x00000a9d   Thumb Code    36  rzyos_wqueue.o(i.rzyOS_wqueue_module_init)
    rzyOS_wqueue_task_init                   0x00000afd   Thumb Code    26  rzyos_wqueue.o(i.rzyOS_wqueue_task_init)
    rzyOS_wqueue_tick_handle                 0x00000b25   Thumb Code    28  rzyos_wqueue.o(i.rzyOS_wqueue_tick_handle)
    set_systick_period                       0x00000b49   Thumb Code    74  rzyos_cpu.o(i.set_systick_period)
    task1_entry                              0x00000ba1   Thumb Code    26  rzyos_app.o(i.task1_entry)
    task2_entry                              0x00000bc1   Thumb Code    26  rzyos_app.o(i.task2_entry)
    task3_entry                              0x00000be1   Thumb Code    26  rzyos_app.o(i.task3_entry)
    task4_entry                              0x00000c01   Thumb Code    26  rzyos_app.o(i.task4_entry)
    task_delay                               0x00000c21   Thumb Code    40  rzyos_time.o(i.task_delay)
    task_delay_list_init                     0x00000c4d   Thumb Code    10  main.o(i.task_delay_list_init)
    task_enter_critical                      0x00000c5d   Thumb Code    12  switch.o(i.task_enter_critical)
    task_exit_critical                       0x00000c69   Thumb Code    10  switch.o(i.task_exit_critical)
    task_highest_ready                       0x00000c75   Thumb Code    32  main.o(i.task_highest_ready)
    task_init                                0x00000c9d   Thumb Code   218  rzyos_task.o(i.task_init)
    task_insert_ready_list                   0x00000d79   Thumb Code    34  main.o(i.task_insert_ready_list)
    task_remove_ready_list                   0x00000da5   Thumb Code    52  main.o(i.task_remove_ready_list)
    task_run_first                           0x00000de1   Thumb Code    24  switch.o(i.task_run_first)
    task_schedule                            0x00000dfd   Thumb Code    56  main.o(i.task_schedule)
    task_schedule_disable                    0x00000e41   Thumb Code    34  main.o(i.task_schedule_disable)
    task_schedule_enable                     0x00000e69   Thumb Code    44  main.o(i.task_schedule_enable)
    task_schedule_init                       0x00000e99   Thumb Code    40  main.o(i.task_schedule_init)
    task_switch                              0x00000ecd   Thumb Code    10  switch.o(i.task_switch)
    task_systemtick_handler                  0x00000edd   Thumb Code   190  main.o(i.task_systemtick_handler)
    __aeabi_fadd                             0x00000fad   Thumb Code     0  faddsub_clz.o(x$fpl$fadd)
    _fadd                                    0x00000fad   Thumb Code   196  faddsub_clz.o(x$fpl$fadd)
    __aeabi_fdiv                             0x00001071   Thumb Code     0  fdiv.o(x$fpl$fdiv)
    _fdiv                                    0x00001071   Thumb Code   384  fdiv.o(x$fpl$fdiv)
    __aeabi_ui2f                             0x000011f5   Thumb Code     0  fflt_clz.o(x$fpl$ffltu)
    _ffltu                                   0x000011f5   Thumb Code    38  fflt_clz.o(x$fpl$ffltu)
    __aeabi_fmul                             0x0000121d   Thumb Code     0  fmul.o(x$fpl$fmul)
    _fmul                                    0x0000121d   Thumb Code   258  fmul.o(x$fpl$fmul)
    __fpl_fnaninf                            0x0000131f   Thumb Code   140  fnaninf.o(x$fpl$fnaninf)
    __fpl_fretinf                            0x000013ab   Thumb Code    10  fretinf.o(x$fpl$fretinf)
    __aeabi_frsub                            0x000013b5   Thumb Code     0  faddsub_clz.o(x$fpl$frsb)
    _frsb                                    0x000013b5   Thumb Code    20  faddsub_clz.o(x$fpl$frsb)
    __aeabi_fsub                             0x000013c9   Thumb Code     0  faddsub_clz.o(x$fpl$fsub)
    _fsub                                    0x000013c9   Thumb Code   234  faddsub_clz.o(x$fpl$fsub)
    __I$use$fp                               0x000014b2   Number         0  usenofp.o(x$fpl$usenofp)
    Region$$Table$$Base                      0x000015b4   Number         0  anon$$obj.o(Region$$Table)
    Region$$Table$$Limit                     0x000015d4   Number         0  anon$$obj.o(Region$$Table)
    currentTask                              0x20000000   Data           4  main.o(.data)
    nextTask                                 0x20000004   Data           4  main.o(.data)
    idleTask                                 0x20000008   Data           4  main.o(.data)
    bitmap_taskprio                          0x2000000c   Data           4  main.o(.data)
    schedLockCount                           0x20000010   Data           1  main.o(.data)
    tick_count                               0x20000014   Data           4  main.o(.data)
    idle_count                               0x20000018   Data           4  main.o(.data)
    idle_max_count                           0x2000001c   Data           4  main.o(.data)
    usage                                    0x20000028   Data           4  rzyos_app.o(.data)
    task1Flag                                0x2000002c   Data           4  rzyos_app.o(.data)
    task2Flag                                0x20000030   Data           4  rzyos_app.o(.data)
    task3Flag                                0x20000034   Data           4  rzyos_app.o(.data)
    task4Flag                                0x20000038   Data           4  rzyos_app.o(.data)
    SystemCoreClock                          0x2000003c   Data           4  system_armcm3.o(.data)
    task_ready_table                         0x20000040   Data         384  main.o(.bss)
    task_delay_list                          0x200001c0   Data          12  main.o(.bss)
    tcb_task_idle                            0x200001cc   Data          80  main.o(.bss)
    idleTaskEnv                              0x2000021c   Data        4096  main.o(.bss)
    tcb_task1                                0x2000121c   Data          80  rzyos_app.o(.bss)
    tcb_task2                                0x2000126c   Data          80  rzyos_app.o(.bss)
    tcb_task3                                0x200012bc   Data          80  rzyos_app.o(.bss)
    tcb_task4                                0x2000130c   Data          80  rzyos_app.o(.bss)
    task1Env                                 0x2000135c   Data        4096  rzyos_app.o(.bss)
    task2Env                                 0x2000235c   Data        4096  rzyos_app.o(.bss)
    task3Env                                 0x2000335c   Data        4096  rzyos_app.o(.bss)
    task4Env                                 0x2000435c   Data        4096  rzyos_app.o(.bss)
    __stack_limit                            0x200063f8   Data           0  startup_armcm3.o(STACK)
    __initial_sp                             0x200067f8   Data           0  startup_armcm3.o(STACK)



==============================================================================

Memory Map of the image

  Image Entry point : 0x000003c1

  Load Region LR_IROM1 (Base: 0x00000000, Size: 0x00001614, Max: 0x00040000, ABSOLUTE)

    Execution Region ER_IROM1 (Exec base: 0x00000000, Load base: 0x00000000, Size: 0x000015d4, Max: 0x00040000, ABSOLUTE)

    Exec Addr    Load Addr    Size         Type   Attr      Idx    E Section Name        Object

    0x00000000   0x00000000   0x000003c0   Data   RO          877    RESET               startup_armcm3.o
    0x000003c0   0x000003c0   0x00000008   Code   RO          925  * !!!main             c_w.l(__main.o)
    0x000003c8   0x000003c8   0x00000034   Code   RO         1116    !!!scatter          c_w.l(__scatter.o)
    0x000003fc   0x000003fc   0x0000001a   Code   RO         1118    !!handler_copy      c_w.l(__scatter_copy.o)
    0x00000416   0x00000416   0x00000002   PAD
    0x00000418   0x00000418   0x0000001c   Code   RO         1120    !!handler_zi        c_w.l(__scatter_zi.o)
    0x00000434   0x00000434   0x00000002   Code   RO          980    .ARM.Collect$$libinit$$00000000  c_w.l(libinit.o)
    0x00000436   0x00000436   0x00000000   Code   RO          989    .ARM.Collect$$libinit$$00000002  c_w.l(libinit2.o)
    0x00000436   0x00000436   0x00000000   Code   RO          991    .ARM.Collect$$libinit$$00000004  c_w.l(libinit2.o)
    0x00000436   0x00000436   0x00000000   Code   RO          994    .ARM.Collect$$libinit$$0000000A  c_w.l(libinit2.o)
    0x00000436   0x00000436   0x00000000   Code   RO          996    .ARM.Collect$$libinit$$0000000C  c_w.l(libinit2.o)
    0x00000436   0x00000436   0x00000000   Code   RO          998    .ARM.Collect$$libinit$$0000000E  c_w.l(libinit2.o)
    0x00000436   0x00000436   0x00000000   Code   RO         1001    .ARM.Collect$$libinit$$00000011  c_w.l(libinit2.o)
    0x00000436   0x00000436   0x00000000   Code   RO         1003    .ARM.Collect$$libinit$$00000013  c_w.l(libinit2.o)
    0x00000436   0x00000436   0x00000000   Code   RO         1005    .ARM.Collect$$libinit$$00000015  c_w.l(libinit2.o)
    0x00000436   0x00000436   0x00000000   Code   RO         1007    .ARM.Collect$$libinit$$00000017  c_w.l(libinit2.o)
    0x00000436   0x00000436   0x00000000   Code   RO         1009    .ARM.Collect$$libinit$$00000019  c_w.l(libinit2.o)
    0x00000436   0x00000436   0x00000000   Code   RO         1011    .ARM.Collect$$libinit$$0000001B  c_w.l(libinit2.o)
    0x00000436   0x00000436   0x00000000   Code   RO         1013    .ARM.Collect$$libinit$$0000001D  c_w.l(libinit2.o)
    0x00000436   0x00000436   0x00000000   Code   RO         1015    .ARM.Collect$$libinit$$0000001F  c_w.l(libinit2.o)
    0x00000436   0x00000436   0x00000000   Code   RO         1017    .ARM.Collect$$libinit$$00000021  c_w.l(libinit2.o)
    0x00000436   0x00000436   0x00000000   Code   RO         1019    .ARM.Collect$$libinit$$00000023  c_w.l(libinit2.o)
    0x00000436   0x00000436   0x00000000   Code   RO         1021    .ARM.Collect$$libinit$$00000025  c_w.l(libinit2.o)
    0x00000436   0x00000436   0x00000000   Code   RO         1025    .ARM.Collect$$libinit$$0000002C  c_w.l(libinit2.o)
    0x00000436   0x00000436   0x00000000   Code   RO         1027    .ARM.Collect$$libinit$$0000002E  c_w.l(libinit2.o)
    0x00000436   0x00000436   0x00000000   Code   RO         1029    .ARM.Collect$$libinit$$00000030  c_w.l(libinit2.o)
    0x00000436   0x00000436   0x00000000   Code   RO         1031    .ARM.Collect$$libinit$$00000032  c_w.l(libinit2.o)
    0x00000436   0x00000436   0x00000002   Code   RO         1032    .ARM.Collect$$libinit$$00000033  c_w.l(libinit2.o)
    0x00000438   0x00000438   0x00000002   Code   RO         1059    .ARM.Collect$$libshutdown$$00000000  c_w.l(libshutdown.o)
    0x0000043a   0x0000043a   0x00000000   Code   RO         1069    .ARM.Collect$$libshutdown$$00000002  c_w.l(libshutdown2.o)
    0x0000043a   0x0000043a   0x00000000   Code   RO         1071    .ARM.Collect$$libshutdown$$00000004  c_w.l(libshutdown2.o)
    0x0000043a   0x0000043a   0x00000000   Code   RO         1074    .ARM.Collect$$libshutdown$$00000007  c_w.l(libshutdown2.o)
    0x0000043a   0x0000043a   0x00000000   Code   RO         1077    .ARM.Collect$$libshutdown$$0000000A  c_w.l(libshutdown2.o)
    0x0000043a   0x0000043a   0x00000000   Code   RO         1079    .ARM.Collect$$libshutdown$$0000000C  c_w.l(libshutdown2.o)
    0x0000043a   0x0000043a   0x00000000   Code   RO         1082    .ARM.Collect$$libshutdown$$0000000F  c_w.l(libshutdown2.o)
    0x0000043a   0x0000043a   0x00000002   Code   RO         1083    .ARM.Collect$$libshutdown$$00000010  c_w.l(libshutdown2.o)
    0x0000043c   0x0000043c   0x00000000   Code   RO          945    .ARM.Collect$$rtentry$$00000000  c_w.l(__rtentry.o)
    0x0000043c   0x0000043c   0x00000000   Code   RO          952    .ARM.Collect$$rtentry$$00000002  c_w.l(__rtentry2.o)
    0x0000043c   0x0000043c   0x00000004   Code   RO          966    .ARM.Collect$$rtentry$$00000005  c_w.l(__rtentry5.o)
    0x00000440   0x00000440   0x00000000   Code   RO          954    .ARM.Collect$$rtentry$$00000009  c_w.l(__rtentry2.o)
    0x00000440   0x00000440   0x00000004   Code   RO          955    .ARM.Collect$$rtentry$$0000000A  c_w.l(__rtentry2.o)
    0x00000444   0x00000444   0x00000000   Code   RO          957    .ARM.Collect$$rtentry$$0000000C  c_w.l(__rtentry2.o)
    0x00000444   0x00000444   0x00000008   Code   RO          958    .ARM.Collect$$rtentry$$0000000D  c_w.l(__rtentry2.o)
    0x0000044c   0x0000044c   0x00000004   Code   RO          967    .ARM.Collect$$rtentry$$00002716  c_w.l(__rtentry5.o)
    0x00000450   0x00000450   0x00000002   Code   RO          986    .ARM.Collect$$rtexit$$00000000  c_w.l(rtexit.o)
    0x00000452   0x00000452   0x00000000   Code   RO         1041    .ARM.Collect$$rtexit$$00000002  c_w.l(rtexit2.o)
    0x00000452   0x00000452   0x00000004   Code   RO         1042    .ARM.Collect$$rtexit$$00000003  c_w.l(rtexit2.o)
    0x00000456   0x00000456   0x00000006   Code   RO         1043    .ARM.Collect$$rtexit$$00000004  c_w.l(rtexit2.o)
    0x0000045c   0x0000045c   0x00000030   Code   RO          829    .emb_text           switch.o
    0x0000048c   0x0000048c   0x00000038   Code   RO          878    .text               startup_armcm3.o
    0x000004c4   0x000004c4   0x0000004e   Code   RO          921    .text               c_w.l(rt_memclr_w.o)
    0x00000512   0x00000512   0x00000006   Code   RO          923    .text               c_w.l(heapauxi.o)
    0x00000518   0x00000518   0x00000012   Code   RO          973    .text               c_w.l(exit.o)
    0x0000052a   0x0000052a   0x00000002   Code   RO         1037    .text               c_w.l(use_no_semi.o)
    0x0000052c   0x0000052c   0x00000000   Code   RO         1039    .text               c_w.l(indicate_semi.o)
    0x0000052c   0x0000052c   0x0000000c   Code   RO         1051    .text               c_w.l(sys_exit.o)
    0x00000538   0x00000538   0x00000008   Code   RO          283    i.SysTick_Handler   rzyos_cpu.o
    0x00000540   0x00000540   0x00000020   Code   RO          886    i.SystemInit        system_armcm3.o
    0x00000560   0x00000560   0x0000000c   Code   RO            1    i.bitmap_clean      bitmaplib.o
    0x0000056c   0x0000056c   0x0000005c   Code   RO            2    i.bitmap_get_first_set  bitmaplib.o
    0x000005c8   0x000005c8   0x00000006   Code   RO            3    i.bitmap_init       bitmaplib.o
    0x000005ce   0x000005ce   0x0000000c   Code   RO            4    i.bitmap_set        bitmaplib.o
    0x000005da   0x000005da   0x00000004   Code   RO            5    i.bitmap_size       bitmaplib.o
    0x000005de   0x000005de   0x00000002   PAD
    0x000005e0   0x000005e0   0x00000090   Code   RO           49    i.check_cpu_usage_detect  main.o
    0x00000670   0x00000670   0x00000010   Code   RO           50    i.cpu_tick_sync     main.o
    0x00000680   0x00000680   0x00000024   Code   RO           51    i.cpu_usage_state_init  main.o
    0x000006a4   0x000006a4   0x00000020   Code   RO           53    i.delay_list_insert_time_node  main.o
    0x000006c4   0x000006c4   0x0000001c   Code   RO           54    i.delay_list_remove_time_node  main.o
    0x000006e0   0x000006e0   0x00000034   Code   RO           55    i.idle_task_entry   main.o
    0x00000714   0x00000714   0x00000018   Code   RO          421    i.list_add_first    rzyos_list.o
    0x0000072c   0x0000072c   0x00000014   Code   RO          422    i.list_add_last     rzyos_list.o
    0x00000740   0x00000740   0x00000006   Code   RO          423    i.list_count        rzyos_list.o
    0x00000746   0x00000746   0x0000000c   Code   RO          424    i.list_first_node   rzyos_list.o
    0x00000752   0x00000752   0x0000000a   Code   RO          425    i.list_init         rzyos_list.o
    0x0000075c   0x0000075c   0x00000014   Code   RO          431    i.list_remove_pos_node  rzyos_list.o
    0x00000770   0x00000770   0x00000058   Code   RO           56    i.main              main.o
    0x000007c8   0x000007c8   0x00000006   Code   RO          432    i.node_init         rzyos_list.o
    0x000007ce   0x000007ce   0x0000001a   Code   RO          433    i.remove_list_first  rzyos_list.o
    0x000007e8   0x000007e8   0x00000094   Code   RO          236    i.rzyOS_app_init    rzyos_app.o
    0x0000087c   0x0000087c   0x00000010   Code   RO          314    i.rzyOS_event_init  rzyos_event.o
    0x0000088c   0x0000088c   0x00000036   Code   RO          315    i.rzyOS_event_remove  rzyos_event.o
    0x000008c2   0x000008c2   0x0000004c   Code   RO          317    i.rzyOS_event_wait  rzyos_event.o
    0x0000090e   0x0000090e   0x0000001e   Code   RO          318    i.rzyOS_event_wait_count  rzyos_event.o
    0x0000092c   0x0000092c   0x0000004e   Code   RO          319    i.rzyOS_event_wakeup  rzyos_event.o
    0x0000097a   0x0000097a   0x00000026   Code   RO          648    i.rzyOS_sem_init    rzyos_semaphore.o
    0x000009a0   0x000009a0   0x00000054   Code   RO          650    i.rzyOS_sem_post    rzyos_semaphore.o
    0x000009f4   0x000009f4   0x00000048   Code   RO          651    i.rzyOS_sem_wait    rzyos_semaphore.o
    0x00000a3c   0x00000a3c   0x0000000c   Code   RO           58    i.rzyOS_task_delay_list_remove  main.o
    0x00000a48   0x00000a48   0x0000000c   Code   RO           60    i.rzyOS_tick_count_init  main.o
    0x00000a54   0x00000a54   0x00000046   Code   RO          760    i.rzyOS_wqueue_call  rzyos_wqueue.o
    0x00000a9a   0x00000a9a   0x00000002   PAD
    0x00000a9c   0x00000a9c   0x00000034   Code   RO          764    i.rzyOS_wqueue_module_init  rzyos_wqueue.o
    0x00000ad0   0x00000ad0   0x0000002c   Code   RO          767    i.rzyOS_wqueue_task  rzyos_wqueue.o
    0x00000afc   0x00000afc   0x00000028   Code   RO          768    i.rzyOS_wqueue_task_init  rzyos_wqueue.o
    0x00000b24   0x00000b24   0x00000024   Code   RO          769    i.rzyOS_wqueue_tick_handle  rzyos_wqueue.o
    0x00000b48   0x00000b48   0x00000058   Code   RO          284    i.set_systick_period  rzyos_cpu.o
    0x00000ba0   0x00000ba0   0x00000020   Code   RO          237    i.task1_entry       rzyos_app.o
    0x00000bc0   0x00000bc0   0x00000020   Code   RO          238    i.task2_entry       rzyos_app.o
    0x00000be0   0x00000be0   0x00000020   Code   RO          239    i.task3_entry       rzyos_app.o
    0x00000c00   0x00000c00   0x00000020   Code   RO          240    i.task4_entry       rzyos_app.o
    0x00000c20   0x00000c20   0x0000002c   Code   RO          748    i.task_delay        rzyos_time.o
    0x00000c4c   0x00000c4c   0x00000010   Code   RO           61    i.task_delay_list_init  main.o
    0x00000c5c   0x00000c5c   0x0000000c   Code   RO          830    i.task_enter_critical  switch.o
    0x00000c68   0x00000c68   0x0000000a   Code   RO          831    i.task_exit_critical  switch.o
    0x00000c72   0x00000c72   0x00000002   PAD
    0x00000c74   0x00000c74   0x00000028   Code   RO           62    i.task_highest_ready  main.o
    0x00000c9c   0x00000c9c   0x000000da   Code   RO          696    i.task_init         rzyos_task.o
    0x00000d76   0x00000d76   0x00000002   PAD
    0x00000d78   0x00000d78   0x0000002c   Code   RO           63    i.task_insert_ready_list  main.o
    0x00000da4   0x00000da4   0x0000003c   Code   RO           64    i.task_remove_ready_list  main.o
    0x00000de0   0x00000de0   0x0000001c   Code   RO          832    i.task_run_first    switch.o
    0x00000dfc   0x00000dfc   0x00000044   Code   RO           65    i.task_schedule     main.o
    0x00000e40   0x00000e40   0x00000028   Code   RO           66    i.task_schedule_disable  main.o
    0x00000e68   0x00000e68   0x00000030   Code   RO           67    i.task_schedule_enable  main.o
    0x00000e98   0x00000e98   0x00000034   Code   RO           68    i.task_schedule_init  main.o
    0x00000ecc   0x00000ecc   0x00000010   Code   RO          833    i.task_switch       switch.o
    0x00000edc   0x00000edc   0x000000d0   Code   RO           69    i.task_systemtick_handler  main.o
    0x00000fac   0x00000fac   0x000000c4   Code   RO          927    x$fpl$fadd          fz_ws.l(faddsub_clz.o)
    0x00001070   0x00001070   0x00000184   Code   RO          934    x$fpl$fdiv          fz_ws.l(fdiv.o)
    0x000011f4   0x000011f4   0x00000026   Code   RO          937    x$fpl$ffltu         fz_ws.l(fflt_clz.o)
    0x0000121a   0x0000121a   0x00000002   PAD
    0x0000121c   0x0000121c   0x00000102   Code   RO          943    x$fpl$fmul          fz_ws.l(fmul.o)
    0x0000131e   0x0000131e   0x0000008c   Code   RO          946    x$fpl$fnaninf       fz_ws.l(fnaninf.o)
    0x000013aa   0x000013aa   0x0000000a   Code   RO          948    x$fpl$fretinf       fz_ws.l(fretinf.o)
    0x000013b4   0x000013b4   0x00000014   Code   RO          928    x$fpl$frsb          fz_ws.l(faddsub_clz.o)
    0x000013c8   0x000013c8   0x000000ea   Code   RO          929    x$fpl$fsub          fz_ws.l(faddsub_clz.o)
    0x000014b2   0x000014b2   0x00000000   Code   RO          950    x$fpl$usenofp       fz_ws.l(usenofp.o)
    0x000014b2   0x000014b2   0x00000100   Data   RO            6    .constdata          bitmaplib.o
    0x000015b2   0x000015b2   0x00000002   PAD
    0x000015b4   0x000015b4   0x00000020   Data   RO         1114    Region$$Table       anon$$obj.o


    Execution Region RW_IRAM1 (Exec base: 0x20000000, Load base: 0x000015d4, Size: 0x000067f8, Max: 0x00020000, ABSOLUTE)

    Exec Addr    Load Addr    Size         Type   Attr      Idx    E Section Name        Object

    0x20000000   0x000015d4   0x00000028   Data   RW           71    .data               main.o
    0x20000028   0x000015fc   0x00000014   Data   RW          242    .data               rzyos_app.o
    0x2000003c   0x00001610   0x00000004   Data   RW          887    .data               system_armcm3.o
    0x20000040        -       0x000011dc   Zero   RW           70    .bss                main.o
    0x2000121c        -       0x00004140   Zero   RW          241    .bss                rzyos_app.o
    0x2000535c        -       0x00001098   Zero   RW          770    .bss                rzyos_wqueue.o
    0x200063f4   0x00001614   0x00000004   PAD
    0x200063f8        -       0x00000400   Zero   RW          875    STACK               startup_armcm3.o


==============================================================================

Image component sizes


      Code (inc. data)   RO Data    RW Data    ZI Data      Debug   Object Name

       126          6        256          0          0       7835   bitmaplib.o
       996        166          0         40       4572      13911   main.o
       276         72          0         20      16704       3201   rzyos_app.o
        96         14          0          0          0      27994   rzyos_cpu.o
       254          0          0          0          0       3553   rzyos_event.o
       124          0          0          0          0       4227   rzyos_list.o
       194         12          0          0          0       2287   rzyos_semaphore.o
       218          0          0          0          0       1220   rzyos_task.o
        44          4          0          0          0        501   rzyos_time.o
       242         50          0          0       4248       3171   rzyos_wqueue.o
        56         10        960          0       1024       1156   startup_armcm3.o
       114         18          0          0          0       5970   switch.o
        32         18          0          4          0        639   system_armcm3.o

    ----------------------------------------------------------------------
      2780        370       1250         64      26552      75665   Object Totals
         0          0         32          0          0          0   (incl. Generated)
         8          0          2          0          4          0   (incl. Padding)

    ----------------------------------------------------------------------

      Code (inc. data)   RO Data    RW Data    ZI Data      Debug   Library Member Name

         8          0          0          0          0         68   __main.o
         0          0          0          0          0          0   __rtentry.o
        12          0          0          0          0          0   __rtentry2.o
         8          4          0          0          0          0   __rtentry5.o
        52          8          0          0          0          0   __scatter.o
        26          0          0          0          0          0   __scatter_copy.o
        28          0          0          0          0          0   __scatter_zi.o
        18          0          0          0          0         80   exit.o
         6          0          0          0          0        152   heapauxi.o
         0          0          0          0          0          0   indicate_semi.o
         2          0          0          0          0          0   libinit.o
         2          0          0          0          0          0   libinit2.o
         2          0          0          0          0          0   libshutdown.o
         2          0          0          0          0          0   libshutdown2.o
        78          0          0          0          0         80   rt_memclr_w.o
         2          0          0          0          0          0   rtexit.o
        10          0          0          0          0          0   rtexit2.o
        12          4          0          0          0         68   sys_exit.o
         2          0          0          0          0         68   use_no_semi.o
       450          8          0          0          0        236   faddsub_clz.o
       388         76          0          0          0         96   fdiv.o
        38          0          0          0          0         68   fflt_clz.o
       258          4          0          0          0         84   fmul.o
       140          4          0          0          0         84   fnaninf.o
        10          0          0          0          0         68   fretinf.o
         0          0          0          0          0          0   usenofp.o

    ----------------------------------------------------------------------
      1558        108          0          0          0       1152   Library Totals
         4          0          0          0          0          0   (incl. Padding)

    ----------------------------------------------------------------------

      Code (inc. data)   RO Data    RW Data    ZI Data      Debug   Library Name

       270         16          0          0          0        516   c_w.l
      1284         92          0          0          0        636   fz_ws.l

    ----------------------------------------------------------------------
      1558        108          0          0          0       1152   Library Totals

    ----------------------------------------------------------------------

==============================================================================


      Code (inc. data)   RO Data    RW Data    ZI Data      Debug   

      4338        478       1250         64      26552      73433   Grand Totals
      4338        478       1250         64      26552      73433   ELF Image Totals
      4338        478       1250         64          0          0   ROM Totals

==============================================================================

    Total RO  Size (Code + RO Data)                 5588 (   5.46kB)
    Total RW  Size (RW Data + ZI Data)             26616 (  25.99kB)
    Total ROM Size (Code + RO Data + RW Data)       5652 (   5.52kB)

==============================================================================

